/home/mateusz/PROJEKTY/BCI2025-sandbox/learning_curve_effect.py:121: RuntimeWarning: This filename (/home/mateusz/PROJEKTY/BCI2025-sandbox/brainbot_data/5s-interval-nofiltering/subject3_ses1_run1_20251207_183304_raw_epochs_splitted_segment=5.0-step=5.0-8-32Hz.epo.fif) does not conform to MNE naming conventions. All epochs files should end with -epo.fif, -epo.fif.gz, _epo.fif or _epo.fif.gz
  mne.read_epochs(str(BRAINBOT_DATA_DIR / f), preload=True, verbose=False)
/home/mateusz/PROJEKTY/BCI2025-sandbox/learning_curve_effect.py:121: RuntimeWarning: This filename (/home/mateusz/PROJEKTY/BCI2025-sandbox/brainbot_data/5s-interval-nofiltering/subject3_ses1_run2_20251207_190808_raw_epochs_splitted_segment=5.0-step=5.0-8-32Hz.epo.fif) does not conform to MNE naming conventions. All epochs files should end with -epo.fif, -epo.fif.gz, _epo.fif or _epo.fif.gz
  mne.read_epochs(str(BRAINBOT_DATA_DIR / f), preload=True, verbose=False)
/home/mateusz/PROJEKTY/BCI2025-sandbox/learning_curve_effect.py:121: RuntimeWarning: This filename (/home/mateusz/PROJEKTY/BCI2025-sandbox/brainbot_data/5s-interval-nofiltering/subject3_ses1_run3_20251207_204045_raw_epochs_splitted_segment=5.0-step=5.0-8-32Hz.epo.fif) does not conform to MNE naming conventions. All epochs files should end with -epo.fif, -epo.fif.gz, _epo.fif or _epo.fif.gz
  mne.read_epochs(str(BRAINBOT_DATA_DIR / f), preload=True, verbose=False)
/home/mateusz/PROJEKTY/BCI2025-sandbox/learning_curve_effect.py:121: RuntimeWarning: This filename (/home/mateusz/PROJEKTY/BCI2025-sandbox/brainbot_data/5s-interval-nofiltering/subject3_ses1_run4_20251207_210156_raw_epochs_splitted_segment=5.0-step=5.0-8-32Hz.epo.fif) does not conform to MNE naming conventions. All epochs files should end with -epo.fif, -epo.fif.gz, _epo.fif or _epo.fif.gz
  mne.read_epochs(str(BRAINBOT_DATA_DIR / f), preload=True, verbose=False)
/home/mateusz/PROJEKTY/BCI2025-sandbox/learning_curve_effect.py:145: RuntimeWarning: tmax is not in time interval. tmax is set to <class 'mne.epochs.EpochsArray'>.tmax (4.99609 s)
  cropped = epochs.copy().crop(tmin=0.0, tmax=tmax, verbose=False)

============================================================
BrainBot subject 3
============================================================
  [BrainBot] sesja 1: trening...
/home/mateusz/PROJEKTY/BCI2025-sandbox/learning_curve_effect.py:121: RuntimeWarning: This filename (/home/mateusz/PROJEKTY/BCI2025-sandbox/brainbot_data/5s-interval-nofiltering/subject3_ses2_run1_20251211_205847_raw_epochs_splitted_segment=5.0-step=5.0-8-32Hz.epo.fif) does not conform to MNE naming conventions. All epochs files should end with -epo.fif, -epo.fif.gz, _epo.fif or _epo.fif.gz
  mne.read_epochs(str(BRAINBOT_DATA_DIR / f), preload=True, verbose=False)
/home/mateusz/PROJEKTY/BCI2025-sandbox/learning_curve_effect.py:121: RuntimeWarning: This filename (/home/mateusz/PROJEKTY/BCI2025-sandbox/brainbot_data/5s-interval-nofiltering/subject3_ses2_run2_20251211_211514_raw_epochs_splitted_segment=5.0-step=5.0-8-32Hz.epo.fif) does not conform to MNE naming conventions. All epochs files should end with -epo.fif, -epo.fif.gz, _epo.fif or _epo.fif.gz
  mne.read_epochs(str(BRAINBOT_DATA_DIR / f), preload=True, verbose=False)
/home/mateusz/PROJEKTY/BCI2025-sandbox/learning_curve_effect.py:145: RuntimeWarning: tmax is not in time interval. tmax is set to <class 'mne.epochs.EpochsArray'>.tmax (4.99609 s)
  cropped = epochs.copy().crop(tmin=0.0, tmax=tmax, verbose=False)
/home/mateusz/PROJEKTY/BCI2025-sandbox/learning_curve_effect.py:121: RuntimeWarning: This filename (/home/mateusz/PROJEKTY/BCI2025-sandbox/brainbot_data/5s-interval-nofiltering/subject3_ses3_run1_20251217_204246_raw_epochs_splitted_segment=5.0-step=5.0-8-32Hz.epo.fif) does not conform to MNE naming conventions. All epochs files should end with -epo.fif, -epo.fif.gz, _epo.fif or _epo.fif.gz
  mne.read_epochs(str(BRAINBOT_DATA_DIR / f), preload=True, verbose=False)
/home/mateusz/PROJEKTY/BCI2025-sandbox/learning_curve_effect.py:121: RuntimeWarning: This filename (/home/mateusz/PROJEKTY/BCI2025-sandbox/brainbot_data/5s-interval-nofiltering/subject3_ses3_run2_20251217_212625_raw_epochs_splitted_segment=5.0-step=5.0-8-32Hz.epo.fif) does not conform to MNE naming conventions. All epochs files should end with -epo.fif, -epo.fif.gz, _epo.fif or _epo.fif.gz
  mne.read_epochs(str(BRAINBOT_DATA_DIR / f), preload=True, verbose=False)
/home/mateusz/PROJEKTY/BCI2025-sandbox/learning_curve_effect.py:145: RuntimeWarning: tmax is not in time interval. tmax is set to <class 'mne.epochs.EpochsArray'>.tmax (4.99609 s)
  cropped = epochs.copy().crop(tmin=0.0, tmax=tmax, verbose=False)
/home/mateusz/PROJEKTY/BCI2025-sandbox/learning_curve_effect.py:121: RuntimeWarning: This filename (/home/mateusz/PROJEKTY/BCI2025-sandbox/brainbot_data/5s-interval-nofiltering/subject3_ses4_run1_20260121_201053_raw_epochs_splitted_segment=5.0-step=5.0-8-32Hz.epo.fif) does not conform to MNE naming conventions. All epochs files should end with -epo.fif, -epo.fif.gz, _epo.fif or _epo.fif.gz
  mne.read_epochs(str(BRAINBOT_DATA_DIR / f), preload=True, verbose=False)
/home/mateusz/PROJEKTY/BCI2025-sandbox/learning_curve_effect.py:121: RuntimeWarning: This filename (/home/mateusz/PROJEKTY/BCI2025-sandbox/brainbot_data/5s-interval-nofiltering/subject3_ses4_run2_20260121_203257_raw_epochs_splitted_segment=5.0-step=5.0-8-32Hz.epo.fif) does not conform to MNE naming conventions. All epochs files should end with -epo.fif, -epo.fif.gz, _epo.fif or _epo.fif.gz
  mne.read_epochs(str(BRAINBOT_DATA_DIR / f), preload=True, verbose=False)
/home/mateusz/PROJEKTY/BCI2025-sandbox/learning_curve_effect.py:121: RuntimeWarning: This filename (/home/mateusz/PROJEKTY/BCI2025-sandbox/brainbot_data/5s-interval-nofiltering/subject3_ses4_run3_20260121_210246_raw_epochs_splitted_segment=5.0-step=5.0-8-32Hz.epo.fif) does not conform to MNE naming conventions. All epochs files should end with -epo.fif, -epo.fif.gz, _epo.fif or _epo.fif.gz
  mne.read_epochs(str(BRAINBOT_DATA_DIR / f), preload=True, verbose=False)
/home/mateusz/PROJEKTY/BCI2025-sandbox/learning_curve_effect.py:145: RuntimeWarning: tmax is not in time interval. tmax is set to <class 'mne.epochs.EpochsArray'>.tmax (4.99609 s)
  cropped = epochs.copy().crop(tmin=0.0, tmax=tmax, verbose=False)
Trial data de-meaned and concatenated with a buffer to create cont data
/home/mateusz/PROJEKTY/moabb/moabb/datasets/preprocessing.py:278: UserWarning: warnEpochs <Epochs | 320 events (all good), 3 – 7 s (baseline off), ~117.4 MiB, data loaded,
 'left_hand': 80
 'right_hand': 80
 'feet': 80
 'rest': 80>
  warn(f"warnEpochs {epochs}")
Trial data de-meaned and concatenated with a buffer to create cont data
/home/mateusz/PROJEKTY/moabb/moabb/datasets/preprocessing.py:278: UserWarning: warnEpochs <Epochs | 320 events (all good), 3 – 7 s (baseline off), ~117.4 MiB, data loaded,
 'left_hand': 80
 'right_hand': 80
 'feet': 80
 'rest': 80>
  warn(f"warnEpochs {epochs}")
Trial data de-meaned and concatenated with a buffer to create cont data
/home/mateusz/PROJEKTY/moabb/moabb/datasets/preprocessing.py:278: UserWarning: warnEpochs <Epochs | 320 events (all good), 3 – 7 s (baseline off), ~117.4 MiB, data loaded,
 'left_hand': 80
 'right_hand': 80
 'feet': 80
 'rest': 80>
  warn(f"warnEpochs {epochs}")
Trial data de-meaned and concatenated with a buffer to create cont data
/home/mateusz/PROJEKTY/moabb/moabb/datasets/preprocessing.py:278: UserWarning: warnEpochs <Epochs | 320 events (all good), 3 – 7 s (baseline off), ~117.4 MiB, data loaded,
 'left_hand': 80
 'right_hand': 80
 'feet': 80
 'rest': 80>
  warn(f"warnEpochs {epochs}")
Trial data de-meaned and concatenated with a buffer to create cont data
/home/mateusz/PROJEKTY/moabb/moabb/datasets/preprocessing.py:278: UserWarning: warnEpochs <Epochs | 320 events (all good), 3 – 7 s (baseline off), ~117.4 MiB, data loaded,
 'left_hand': 80
 'right_hand': 80
 'feet': 80
 'rest': 80>
  warn(f"warnEpochs {epochs}")
Trial data de-meaned and concatenated with a buffer to create cont data
/home/mateusz/PROJEKTY/moabb/moabb/datasets/preprocessing.py:278: UserWarning: warnEpochs <Epochs | 290 events (all good), 3 – 7 s (baseline off), ~106.4 MiB, data loaded,
 'left_hand': 70
 'right_hand': 70
 'feet': 70
 'rest': 80>
  warn(f"warnEpochs {epochs}")
Trial data de-meaned and concatenated with a buffer to create cont data
/home/mateusz/PROJEKTY/moabb/moabb/datasets/preprocessing.py:278: UserWarning: warnEpochs <Epochs | 320 events (all good), 3 – 7 s (baseline off), ~117.4 MiB, data loaded,
 'left_hand': 80
 'right_hand': 80
 'feet': 80
 'rest': 80>
  warn(f"warnEpochs {epochs}")
Trial data de-meaned and concatenated with a buffer to create cont data
/home/mateusz/PROJEKTY/moabb/moabb/datasets/preprocessing.py:278: UserWarning: warnEpochs <Epochs | 320 events (all good), 3 – 7 s (baseline off), ~117.4 MiB, data loaded,
 'left_hand': 80
 'right_hand': 80
 'feet': 80
 'rest': 80>
  warn(f"warnEpochs {epochs}")
    n_train=  20  acc=0.375 ± 0.044
    n_train=  27  acc=0.406 ± 0.081
    n_train=  34  acc=0.438 ± 0.086
    n_train=  41  acc=0.362 ± 0.032
    n_train=  48  acc=0.438 ± 0.034
    n_train=  55  acc=0.500 ± 0.066
    n_train=  62  acc=0.569 ± 0.067
    n_train=  69  acc=0.494 ± 0.054
    n_train=  76  acc=0.506 ± 0.078
    n_train=  83  acc=0.575 ± 0.073
    n_train=  90  acc=0.600 ± 0.096
    n_train=  97  acc=0.613 ± 0.058
    n_train= 104  acc=0.588 ± 0.046
    n_train= 111  acc=0.606 ± 0.100
    n_train= 118  acc=0.625 ± 0.093
    n_train= 125  acc=0.656 ± 0.105
  [BrainBot] sesja 2: trening...
    n_train=  20  acc=0.400 ± 0.116
    n_train=  22  acc=0.450 ± 0.155
    n_train=  24  acc=0.537 ± 0.094
    n_train=  26  acc=0.562 ± 0.088
    n_train=  28  acc=0.550 ± 0.073
    n_train=  30  acc=0.575 ± 0.092
    n_train=  32  acc=0.650 ± 0.109
    n_train=  34  acc=0.688 ± 0.158
    n_train=  36  acc=0.662 ± 0.146
    n_train=  38  acc=0.662 ± 0.122
    n_train=  40  acc=0.613 ± 0.108
    n_train=  42  acc=0.575 ± 0.073
    n_train=  44  acc=0.588 ± 0.085
    n_train=  46  acc=0.588 ± 0.102
    n_train=  48  acc=0.588 ± 0.102
    n_train=  50  acc=0.600 ± 0.085
    n_train=  52  acc=0.637 ± 0.047
    n_train=  54  acc=0.625 ± 0.040
    n_train=  56  acc=0.650 ± 0.075
    n_train=  58  acc=0.688 ± 0.112
    n_train=  60  acc=0.762 ± 0.100
    n_train=  62  acc=0.762 ± 0.092
    n_train=  64  acc=0.738 ± 0.092
  [BrainBot] sesja 3: trening...
    n_train=  20  acc=0.438 ± 0.056
    n_train=  22  acc=0.463 ± 0.064
    n_train=  24  acc=0.487 ± 0.047
    n_train=  26  acc=0.475 ± 0.064
    n_train=  28  acc=0.550 ± 0.047
    n_train=  30  acc=0.562 ± 0.068
    n_train=  32  acc=0.525 ± 0.064
    n_train=  34  acc=0.562 ± 0.056
    n_train=  36  acc=0.525 ± 0.064
    n_train=  38  acc=0.537 ± 0.064
    n_train=  40  acc=0.512 ± 0.047
    n_train=  42  acc=0.512 ± 0.061
    n_train=  44  acc=0.500 ± 0.068
    n_train=  46  acc=0.525 ± 0.102
    n_train=  48  acc=0.550 ± 0.092
    n_train=  50  acc=0.537 ± 0.085
    n_train=  52  acc=0.588 ± 0.135
    n_train=  54  acc=0.588 ± 0.140
    n_train=  56  acc=0.575 ± 0.133
    n_train=  58  acc=0.550 ± 0.155
    n_train=  60  acc=0.600 ± 0.161
    n_train=  62  acc=0.600 ± 0.140
    n_train=  64  acc=0.588 ± 0.146
  [BrainBot] sesja 4: trening...
    n_train=  20  acc=0.417 ± 0.026
    n_train=  25  acc=0.500 ± 0.046
    n_train=  30  acc=0.517 ± 0.097
    n_train=  35  acc=0.525 ± 0.101
    n_train=  40  acc=0.442 ± 0.101
    n_train=  45  acc=0.500 ± 0.087
    n_train=  50  acc=0.575 ± 0.055
    n_train=  55  acc=0.642 ± 0.077
    n_train=  60  acc=0.667 ± 0.087
    n_train=  65  acc=0.725 ± 0.122
    n_train=  70  acc=0.667 ± 0.083
    n_train=  75  acc=0.683 ± 0.120
    n_train=  80  acc=0.683 ± 0.117
    n_train=  85  acc=0.683 ± 0.107
    n_train=  90  acc=0.683 ± 0.101
    n_train=  95  acc=0.725 ± 0.094

============================================================
Dataset: Weibo2014
============================================================
  [Weibo2014] subject 1: trening...
    320 epok, sfreq=200.0 Hz
    n_train=  20  acc=0.334 ± 0.047
    n_train=  35  acc=0.331 ± 0.037
    n_train=  50  acc=0.419 ± 0.064
    n_train=  65  acc=0.388 ± 0.074
    n_train=  80  acc=0.484 ± 0.022
    n_train=  95  acc=0.506 ± 0.027
    n_train= 110  acc=0.528 ± 0.042
    n_train= 125  acc=0.522 ± 0.047
    n_train= 140  acc=0.519 ± 0.018
    n_train= 155  acc=0.516 ± 0.014
    n_train= 170  acc=0.534 ± 0.021
    n_train= 185  acc=0.553 ± 0.038
    n_train= 200  acc=0.716 ± 0.025
    n_train= 215  acc=0.794 ± 0.023
    n_train= 230  acc=0.794 ± 0.023
    n_train= 245  acc=0.791 ± 0.021
  [Weibo2014] subject 2: trening...
    320 epok, sfreq=200.0 Hz
    n_train=  20  acc=0.306 ± 0.076
    n_train=  35  acc=0.325 ± 0.059
    n_train=  50  acc=0.384 ± 0.032
    n_train=  65  acc=0.422 ± 0.045
    n_train=  80  acc=0.444 ± 0.021
    n_train=  95  acc=0.469 ± 0.033
    n_train= 110  acc=0.512 ± 0.027
    n_train= 125  acc=0.528 ± 0.053
    n_train= 140  acc=0.541 ± 0.056
    n_train= 155  acc=0.525 ± 0.032
    n_train= 170  acc=0.559 ± 0.044
    n_train= 185  acc=0.566 ± 0.053
    n_train= 200  acc=0.609 ± 0.045
    n_train= 215  acc=0.725 ± 0.081
    n_train= 230  acc=0.794 ± 0.064
    n_train= 245  acc=0.803 ± 0.064
  [Weibo2014] subject 3: trening...
    320 epok, sfreq=200.0 Hz
    n_train=  20  acc=0.294 ± 0.018
    n_train=  35  acc=0.316 ± 0.040
    n_train=  50  acc=0.287 ± 0.059
    n_train=  65  acc=0.309 ± 0.023
    n_train=  80  acc=0.347 ± 0.030
    n_train=  95  acc=0.359 ± 0.028
    n_train= 110  acc=0.375 ± 0.031
    n_train= 125  acc=0.381 ± 0.034
    n_train= 140  acc=0.397 ± 0.038
    n_train= 155  acc=0.416 ± 0.021
    n_train= 170  acc=0.419 ± 0.021
    n_train= 185  acc=0.425 ± 0.033
    n_train= 200  acc=0.591 ± 0.036
    n_train= 215  acc=0.678 ± 0.038
    n_train= 230  acc=0.678 ± 0.029
    n_train= 245  acc=0.678 ± 0.029
  [Weibo2014] subject 4: trening...
    320 epok, sfreq=200.0 Hz
    n_train=  20  acc=0.281 ± 0.042
    n_train=  35  acc=0.303 ± 0.039
    n_train=  50  acc=0.316 ± 0.058
    n_train=  65  acc=0.341 ± 0.053
    n_train=  80  acc=0.378 ± 0.046
    n_train=  95  acc=0.375 ± 0.057
    n_train= 110  acc=0.419 ± 0.041
    n_train= 125  acc=0.419 ± 0.037
    n_train= 140  acc=0.438 ± 0.051
    n_train= 155  acc=0.441 ± 0.030
    n_train= 170  acc=0.463 ± 0.055
    n_train= 185  acc=0.459 ± 0.060
    n_train= 200  acc=0.659 ± 0.086
    n_train= 215  acc=0.722 ± 0.062
    n_train= 230  acc=0.722 ± 0.056
    n_train= 245  acc=0.728 ± 0.050
  [Weibo2014] subject 5: trening...
    320 epok, sfreq=200.0 Hz
    n_train=  20  acc=0.287 ± 0.038
    n_train=  35  acc=0.297 ± 0.014
    n_train=  50  acc=0.334 ± 0.032
    n_train=  65  acc=0.425 ± 0.060
    n_train=  80  acc=0.481 ± 0.039
    n_train=  95  acc=0.491 ± 0.061
    n_train= 110  acc=0.500 ± 0.051
    n_train= 125  acc=0.497 ± 0.052
    n_train= 140  acc=0.512 ± 0.033
    n_train= 155  acc=0.503 ± 0.029
    n_train= 170  acc=0.537 ± 0.046
    n_train= 185  acc=0.537 ± 0.032
    n_train= 200  acc=0.556 ± 0.040
    n_train= 215  acc=0.672 ± 0.034
    n_train= 230  acc=0.731 ± 0.044
    n_train= 245  acc=0.741 ± 0.034
  [Weibo2014] subject 6: trening...
    290 epok, sfreq=200.0 Hz
    n_train=  20  acc=0.410 ± 0.083
    n_train=  34  acc=0.403 ± 0.054
    n_train=  48  acc=0.517 ± 0.051
    n_train=  62  acc=0.514 ± 0.033
    n_train=  76  acc=0.500 ± 0.059
    n_train=  90  acc=0.514 ± 0.041
    n_train= 104  acc=0.531 ± 0.067
    n_train= 118  acc=0.555 ± 0.057
    n_train= 132  acc=0.562 ± 0.069
    n_train= 146  acc=0.555 ± 0.083
    n_train= 160  acc=0.562 ± 0.052
    n_train= 174  acc=0.641 ± 0.068
    n_train= 188  acc=0.821 ± 0.055
    n_train= 202  acc=0.852 ± 0.042
    n_train= 216  acc=0.852 ± 0.043
    n_train= 230  acc=0.852 ± 0.043
  [Weibo2014] subject 7: trening...
    320 epok, sfreq=200.0 Hz
    n_train=  20  acc=0.334 ± 0.074
    n_train=  35  acc=0.331 ± 0.012
    n_train=  50  acc=0.403 ± 0.077
    n_train=  65  acc=0.391 ± 0.034
    n_train=  80  acc=0.453 ± 0.034
    n_train=  95  acc=0.512 ± 0.033
    n_train= 110  acc=0.497 ± 0.032
    n_train= 125  acc=0.506 ± 0.046
    n_train= 140  acc=0.534 ± 0.025
    n_train= 155  acc=0.544 ± 0.032
    n_train= 170  acc=0.547 ± 0.038
    n_train= 185  acc=0.556 ± 0.045
    n_train= 200  acc=0.613 ± 0.030
    n_train= 215  acc=0.781 ± 0.053
    n_train= 230  acc=0.787 ± 0.047
    n_train= 245  acc=0.794 ± 0.046
  [Weibo2014] subject 8: trening...
    320 epok, sfreq=200.0 Hz
    n_train=  20  acc=0.297 ± 0.058
    n_train=  35  acc=0.372 ± 0.063
    n_train=  50  acc=0.362 ± 0.040
    n_train=  65  acc=0.422 ± 0.044
    n_train=  80  acc=0.434 ± 0.027
    n_train=  95  acc=0.481 ± 0.025
    n_train= 110  acc=0.566 ± 0.023
    n_train= 125  acc=0.584 ± 0.016
    n_train= 140  acc=0.591 ± 0.012
    n_train= 155  acc=0.594 ± 0.014
    n_train= 170  acc=0.609 ± 0.020Trial data de-meaned and concatenated with a buffer to create cont data
/home/mateusz/PROJEKTY/moabb/moabb/datasets/preprocessing.py:278: UserWarning: warnEpochs <Epochs | 320 events (all good), 3 – 7 s (baseline off), ~117.4 MiB, data loaded,
 'left_hand': 80
 'right_hand': 80
 'feet': 80
 'rest': 80>
  warn(f"warnEpochs {epochs}")
Trial data de-meaned and concatenated with a buffer to create cont data
/home/mateusz/PROJEKTY/moabb/moabb/datasets/preprocessing.py:278: UserWarning: warnEpochs <Epochs | 320 events (all good), 3 – 7 s (baseline off), ~117.4 MiB, data loaded,
 'left_hand': 80
 'right_hand': 80
 'feet': 80
 'rest': 80>
  warn(f"warnEpochs {epochs}")
/home/mateusz/PROJEKTY/moabb/moabb/datasets/preprocessing.py:278: UserWarning: warnEpochs <Epochs | 29 events (all good), 0 – 3 s (baseline off), ~6.9 MiB, data loaded,
 'left_hand': 8
 'right_hand': 7
 'feet': 0
 'rest': 14>
  warn(f"warnEpochs {epochs}")
/home/mateusz/PROJEKTY/moabb/moabb/datasets/preprocessing.py:278: UserWarning: warnEpochs <Epochs | 29 events (all good), 0 – 3 s (baseline off), ~6.9 MiB, data loaded,
 'left_hand': 8
 'right_hand': 7
 'feet': 0
 'rest': 14>
  warn(f"warnEpochs {epochs}")
/home/mateusz/PROJEKTY/moabb/moabb/datasets/preprocessing.py:278: UserWarning: warnEpochs <Epochs | 29 events (all good), 0 – 3 s (baseline off), ~6.9 MiB, data loaded,
 'left_hand': 7
 'right_hand': 8
 'feet': 0
 'rest': 14>
  warn(f"warnEpochs {epochs}")
/home/mateusz/PROJEKTY/moabb/moabb/datasets/preprocessing.py:278: UserWarning: warnEpochs <Epochs | 22 events (all good), 0 – 3 s (baseline off), ~5.2 MiB, data loaded,
 'left_hand': 0
 'right_hand': 0
 'feet': 8
 'rest': 14>
  warn(f"warnEpochs {epochs}")
/home/mateusz/PROJEKTY/moabb/moabb/datasets/preprocessing.py:278: UserWarning: warnEpochs <Epochs | 22 events (all good), 0 – 3 s (baseline off), ~5.2 MiB, data loaded,
 'left_hand': 0
 'right_hand': 0
 'feet': 8
 'rest': 14>
  warn(f"warnEpochs {epochs}")
/home/mateusz/PROJEKTY/moabb/moabb/datasets/preprocessing.py:278: UserWarning: warnEpochs <Epochs | 22 events (all good), 0 – 3 s (baseline off), ~5.2 MiB, data loaded,
 'left_hand': 0
 'right_hand': 0
 'feet': 8
 'rest': 14>
  warn(f"warnEpochs {epochs}")
/home/mateusz/PROJEKTY/moabb/moabb/datasets/preprocessing.py:278: UserWarning: warnEpochs <Epochs | 29 events (all good), 0 – 3 s (baseline off), ~6.9 MiB, data loaded,
 'left_hand': 7
 'right_hand': 8
 'feet': 0
 'rest': 14>
  warn(f"warnEpochs {epochs}")
/home/mateusz/PROJEKTY/moabb/moabb/datasets/preprocessing.py:278: UserWarning: warnEpochs <Epochs | 29 events (all good), 0 – 3 s (baseline off), ~6.9 MiB, data loaded,
 'left_hand': 8
 'right_hand': 7
 'feet': 0
 'rest': 14>
  warn(f"warnEpochs {epochs}")
/home/mateusz/PROJEKTY/moabb/moabb/datasets/preprocessing.py:278: UserWarning: warnEpochs <Epochs | 29 events (all good), 0 – 3 s (baseline off), ~6.9 MiB, data loaded,
 'left_hand': 8
 'right_hand': 7
 'feet': 0
 'rest': 14>
  warn(f"warnEpochs {epochs}")
/home/mateusz/PROJEKTY/moabb/moabb/datasets/preprocessing.py:278: UserWarning: warnEpochs <Epochs | 21 events (all good), 0 – 3 s (baseline off), ~5.0 MiB, data loaded,
 'left_hand': 0
 'right_hand': 0
 'feet': 7
 'rest': 14>
  warn(f"warnEpochs {epochs}")
/home/mateusz/PROJEKTY/moabb/moabb/datasets/preprocessing.py:278: UserWarning: warnEpochs <Epochs | 21 events (all good), 0 – 3 s (baseline off), ~5.0 MiB, data loaded,
 'left_hand': 0
 'right_hand': 0
 'feet': 7
 'rest': 14>
  warn(f"warnEpochs {epochs}")
/home/mateusz/PROJEKTY/moabb/moabb/datasets/preprocessing.py:278: UserWarning: warnEpochs <Epochs | 21 events (all good), 0 – 3 s (baseline off), ~5.0 MiB, data loaded,
 'left_hand': 0
 'right_hand': 0
 'feet': 7
 'rest': 14>
  warn(f"warnEpochs {epochs}")
/home/mateusz/PROJEKTY/moabb/moabb/datasets/preprocessing.py:278: UserWarning: warnEpochs <Epochs | 29 events (all good), 0 – 3 s (baseline off), ~6.9 MiB, data loaded,
 'left_hand': 8
 'right_hand': 7
 'feet': 0
 'rest': 14>
  warn(f"warnEpochs {epochs}")
/home/mateusz/PROJEKTY/moabb/moabb/datasets/preprocessing.py:278: UserWarning: warnEpochs <Epochs | 29 events (all good), 0 – 3 s (baseline off), ~6.9 MiB, data loaded,
 'left_hand': 7
 'right_hand': 8
 'feet': 0
 'rest': 14>
  warn(f"warnEpochs {epochs}")
/home/mateusz/PROJEKTY/moabb/moabb/datasets/preprocessing.py:278: UserWarning: warnEpochs <Epochs | 29 events (all good), 0 – 3 s (baseline off), ~6.9 MiB, data loaded,
 'left_hand': 8
 'right_hand': 7
 'feet': 0
 'rest': 14>
  warn(f"warnEpochs {epochs}")
/home/mateusz/PROJEKTY/moabb/moabb/datasets/preprocessing.py:278: UserWarning: warnEpochs <Epochs | 22 events (all good), 0 – 3 s (baseline off), ~5.2 MiB, data loaded,
 'left_hand': 0
 'right_hand': 0
 'feet': 8
 'rest': 14>
  warn(f"warnEpochs {epochs}")
/home/mateusz/PROJEKTY/moabb/moabb/datasets/preprocessing.py:278: UserWarning: warnEpochs <Epochs | 22 events (all good), 0 – 3 s (baseline off), ~5.2 MiB, data loaded,
 'left_hand': 0
 'right_hand': 0
 'feet': 8
 'rest': 14>
  warn(f"warnEpochs {epochs}")
/home/mateusz/PROJEKTY/moabb/moabb/datasets/preprocessing.py:278: UserWarning: warnEpochs <Epochs | 22 events (all good), 0 – 3 s (baseline off), ~5.2 MiB, data loaded,
 'left_hand': 0
 'right_hand': 0
 'feet': 8
 'rest': 14>
  warn(f"warnEpochs {epochs}")
/home/mateusz/PROJEKTY/moabb/moabb/datasets/preprocessing.py:278: UserWarning: warnEpochs <Epochs | 29 events (all good), 0 – 3 s (baseline off), ~6.9 MiB, data loaded,
 'left_hand': 8
 'right_hand': 7
 'feet': 0
 'rest': 14>
  warn(f"warnEpochs {epochs}")
/home/mateusz/PROJEKTY/moabb/moabb/datasets/preprocessing.py:278: UserWarning: warnEpochs <Epochs | 29 events (all good), 0 – 3 s (baseline off), ~6.9 MiB, data loaded,
 'left_hand': 7
 'right_hand': 8
 'feet': 0
 'rest': 14>
  warn(f"warnEpochs {epochs}")
/home/mateusz/PROJEKTY/moabb/moabb/datasets/preprocessing.py:278: UserWarning: warnEpochs <Epochs | 29 events (all good), 0 – 3 s (baseline off), ~6.9 MiB, data loaded,
 'left_hand': 8
 'right_hand': 7
 'feet': 0
 'rest': 14>
  warn(f"warnEpochs {epochs}")
/home/mateusz/PROJEKTY/moabb/moabb/datasets/preprocessing.py:278: UserWarning: warnEpochs <Epochs | 21 events (all good), 0 – 3 s (baseline off), ~5.0 MiB, data loaded,
 'left_hand': 0
 'right_hand': 0
 'feet': 7
 'rest': 14>
  warn(f"warnEpochs {epochs}")
/home/mateusz/PROJEKTY/moabb/moabb/datasets/preprocessing.py:278: UserWarning: warnEpochs <Epochs | 22 events (all good), 0 – 3 s (baseline off), ~5.2 MiB, data loaded,
 'left_hand': 0
 'right_hand': 0
 'feet': 8
 'rest': 14>
  warn(f"warnEpochs {epochs}")
/home/mateusz/PROJEKTY/moabb/moabb/datasets/preprocessing.py:278: UserWarning: warnEpochs <Epochs | 22 events (all good), 0 – 3 s (baseline off), ~5.2 MiB, data loaded,
 'left_hand': 0
 'right_hand': 0
 'feet': 8
 'rest': 14>
  warn(f"warnEpochs {epochs}")
/home/mateusz/PROJEKTY/moabb/moabb/datasets/preprocessing.py:278: UserWarning: warnEpochs <Epochs | 29 events (all good), 0 – 3 s (baseline off), ~6.9 MiB, data loaded,
 'left_hand': 7
 'right_hand': 8
 'feet': 0
 'rest': 14>
  warn(f"warnEpochs {epochs}")
/home/mateusz/PROJEKTY/moabb/moabb/datasets/preprocessing.py:278: UserWarning: warnEpochs <Epochs | 29 events (all good), 0 – 3 s (baseline off), ~6.9 MiB, data loaded,
 'left_hand': 7
 'right_hand': 8
 'feet': 0
 'rest': 14>
  warn(f"warnEpochs {epochs}")
/home/mateusz/PROJEKTY/moabb/moabb/datasets/preprocessing.py:278: UserWarning: warnEpochs <Epochs | 29 events (all good), 0 – 3 s (baseline off), ~6.9 MiB, data loaded,
 'left_hand': 7
 'right_hand': 8
 'feet': 0
 'rest': 14>
  warn(f"warnEpochs {epochs}")
/home/mateusz/PROJEKTY/moabb/moabb/datasets/preprocessing.py:278: UserWarning: warnEpochs <Epochs | 22 events (all good), 0 – 3 s (baseline off), ~5.2 MiB, data loaded,
 'left_hand': 0
 'right_hand': 0
 'feet': 8
 'rest': 14>
  warn(f"warnEpochs {epochs}")
/home/mateusz/PROJEKTY/moabb/moabb/datasets/preprocessing.py:278: UserWarning: warnEpochs <Epochs | 21 events (all good), 0 – 3 s (baseline off), ~5.0 MiB, data loaded,
 'left_hand': 0
 'right_hand': 0
 'feet': 7
 'rest': 14>
  warn(f"warnEpochs {epochs}")
/home/mateusz/PROJEKTY/moabb/moabb/datasets/preprocessing.py:278: UserWarning: warnEpochs <Epochs | 21 events (all good), 0 – 3 s (baseline off), ~5.0 MiB, data loaded,
 'left_hand': 0
 'right_hand': 0
 'feet': 7
 'rest': 14>
  warn(f"warnEpochs {epochs}")
/home/mateusz/PROJEKTY/moabb/moabb/datasets/preprocessing.py:278: UserWarning: warnEpochs <Epochs | 29 events (all good), 0 – 3 s (baseline off), ~6.9 MiB, data loaded,
 'left_hand': 8
 'right_hand': 7
 'feet': 0
 'rest': 14>
  warn(f"warnEpochs {epochs}")
/home/mateusz/PROJEKTY/moabb/moabb/datasets/preprocessing.py:278: UserWarning: warnEpochs <Epochs | 29 events (all good), 0 – 3 s (baseline off), ~6.9 MiB, data loaded,
 'left_hand': 8
 'right_hand': 7
 'feet': 0
 'rest': 14>
  warn(f"warnEpochs {epochs}")
/home/mateusz/PROJEKTY/moabb/moabb/datasets/preprocessing.py:278: UserWarning: warnEpochs <Epochs | 29 events (all good), 0 – 3 s (baseline off), ~6.9 MiB, data loaded,
 'left_hand': 8
 'right_hand': 7
 'feet': 0
 'rest': 14>
  warn(f"warnEpochs {epochs}")
/home/mateusz/PROJEKTY/moabb/moabb/datasets/preprocessing.py:278: UserWarning: warnEpochs <Epochs | 22 events (all good), 0 – 3 s (baseline off), ~5.2 MiB, data loaded,
 'left_hand': 0
 'right_hand': 0
 'feet': 8
 'rest': 14>
  warn(f"warnEpochs {epochs}")
/home/mateusz/PROJEKTY/moabb/moabb/datasets/preprocessing.py:278: UserWarning: warnEpochs <Epochs | 22 events (all good), 0 – 3 s (baseline off), ~5.2 MiB, data loaded,
 'left_hand': 0
 'right_hand': 0
 'feet': 8
 'rest': 14>
  warn(f"warnEpochs {epochs}")
/home/mateusz/PROJEKTY/moabb/moabb/datasets/preprocessing.py:278: UserWarning: warnEpochs <Epochs | 21 events (all good), 0 – 3 s (baseline off), ~5.0 MiB, data loaded,
 'left_hand': 0
 'right_hand': 0
 'feet': 7
 'rest': 14>
  warn(f"warnEpochs {epochs}")
/home/mateusz/PROJEKTY/moabb/moabb/datasets/preprocessing.py:278: UserWarning: warnEpochs <Epochs | 29 events (all good), 0 – 3 s (baseline off), ~6.9 MiB, data loaded,
 'left_hand': 8
 'right_hand': 7
 'feet': 0
 'rest': 14>
  warn(f"warnEpochs {epochs}")
/home/mateusz/PROJEKTY/moabb/moabb/datasets/preprocessing.py:278: UserWarning: warnEpochs <Epochs | 29 events (all good), 0 – 3 s (baseline off), ~6.9 MiB, data loaded,
 'left_hand': 8
 'right_hand': 7
 'feet': 0
 'rest': 14>
  warn(f"warnEpochs {epochs}")
/home/mateusz/PROJEKTY/moabb/moabb/datasets/preprocessing.py:278: UserWarning: warnEpochs <Epochs | 29 events (all good), 0 – 3 s (baseline off), ~6.9 MiB, data loaded,
 'left_hand': 7
 'right_hand': 8
 'feet': 0
 'rest': 14>
  warn(f"warnEpochs {epochs}")
/home/mateusz/PROJEKTY/moabb/moabb/datasets/preprocessing.py:278: UserWarning: warnEpochs <Epochs | 22 events (all good), 0 – 3 s (baseline off), ~5.2 MiB, data loaded,
 'left_hand': 0
 'right_hand': 0
 'feet': 8
 'rest': 14>
  warn(f"warnEpochs {epochs}")
/home/mateusz/PROJEKTY/moabb/moabb/datasets/preprocessing.py:278: UserWarning: warnEpochs <Epochs | 21 events (all good), 0 – 3 s (baseline off), ~5.0 MiB, data loaded,
 'left_hand': 0
 'right_hand': 0
 'feet': 7
 'rest': 14>
  warn(f"warnEpochs {epochs}")
/home/mateusz/PROJEKTY/moabb/moabb/datasets/preprocessing.py:278: UserWarning: warnEpochs <Epochs | 22 events (all good), 0 – 3 s (baseline off), ~5.2 MiB, data loaded,
 'left_hand': 0
 'right_hand': 0
 'feet': 8
 'rest': 14>
  warn(f"warnEpochs {epochs}")
/home/mateusz/PROJEKTY/moabb/moabb/datasets/preprocessing.py:278: UserWarning: warnEpochs <Epochs | 29 events (all good), 0 – 3 s (baseline off), ~6.9 MiB, data loaded,
 'left_hand': 7
 'right_hand': 8
 'feet': 0
 'rest': 14>
  warn(f"warnEpochs {epochs}")
/home/mateusz/PROJEKTY/moabb/moabb/datasets/preprocessing.py:278: UserWarning: warnEpochs <Epochs | 29 events (all good), 0 – 3 s (baseline off), ~6.9 MiB, data loaded,
 'left_hand': 7
 'right_hand': 8
 'feet': 0
 'rest': 14>
  warn(f"warnEpochs {epochs}")
/home/mateusz/PROJEKTY/moabb/moabb/datasets/preprocessing.py:278: UserWarning: warnEpochs <Epochs | 29 events (all good), 0 – 3 s (baseline off), ~6.9 MiB, data loaded,
 'left_hand': 8
 'right_hand': 7
 'feet': 0
 'rest': 14>
  warn(f"warnEpochs {epochs}")
/home/mateusz/PROJEKTY/moabb/moabb/datasets/preprocessing.py:278: UserWarning: warnEpochs <Epochs | 22 events (all good), 0 – 3 s (baseline off), ~5.2 MiB, data loaded,
 'left_hand': 0
 'right_hand': 0
 'feet': 8
 'rest': 14>
  warn(f"warnEpochs {epochs}")
/home/mateusz/PROJEKTY/moabb/moabb/datasets/preprocessing.py:278: UserWarning: warnEpochs <Epochs | 21 events (all good), 0 – 3 s (baseline off), ~5.0 MiB, data loaded,
 'left_hand': 0
 'right_hand': 0
 'feet': 7
 'rest': 14>
  warn(f"warnEpochs {epochs}")
/home/mateusz/PROJEKTY/moabb/moabb/datasets/preprocessing.py:278: UserWarning: warnEpochs <Epochs | 21 events (all good), 0 – 3 s (baseline off), ~5.0 MiB, data loaded,
 'left_hand': 0
 'right_hand': 0
 'feet': 7
 'rest': 14>
  warn(f"warnEpochs {epochs}")
/home/mateusz/PROJEKTY/moabb/moabb/datasets/preprocessing.py:278: UserWarning: warnEpochs <Epochs | 29 events (all good), 0 – 3 s (baseline off), ~6.9 MiB, data loaded,
 'left_hand': 8
 'right_hand': 7
 'feet': 0
 'rest': 14>
  warn(f"warnEpochs {epochs}")
/home/mateusz/PROJEKTY/moabb/moabb/datasets/preprocessing.py:278: UserWarning: warnEpochs <Epochs | 29 events (all good), 0 – 3 s (baseline off), ~6.9 MiB, data loaded,
 'left_hand': 8
 'right_hand': 7
 'feet': 0
 'rest': 14>
  warn(f"warnEpochs {epochs}")
/home/mateusz/PROJEKTY/moabb/moabb/datasets/preprocessing.py:278: UserWarning: warnEpochs <Epochs | 29 events (all good), 0 – 3 s (baseline off), ~6.9 MiB, data loaded,
 'left_hand': 8
 'right_hand': 7
 'feet': 0
 'rest': 14>
  warn(f"warnEpochs {epochs}")
/home/mateusz/PROJEKTY/moabb/moabb/datasets/preprocessing.py:278: UserWarning: warnEpochs <Epochs | 21 events (all good), 0 – 3 s (baseline off), ~5.0 MiB, data loaded,
 'left_hand': 0
 'right_hand': 0
 'feet': 7
 'rest': 14>
  warn(f"warnEpochs {epochs}")
/home/mateusz/PROJEKTY/moabb/moabb/datasets/preprocessing.py:278: UserWarning: warnEpochs <Epochs | 21 events (all good), 0 – 3 s (baseline off), ~5.0 MiB, data loaded,
 'left_hand': 0
 'right_hand': 0
 'feet': 7
 'rest': 14>
  warn(f"warnEpochs {epochs}")
/home/mateusz/PROJEKTY/moabb/moabb/datasets/preprocessing.py:278: UserWarning: warnEpochs <Epochs | 22 events (all good), 0 – 3 s (baseline off), ~5.2 MiB, data loaded,
 'left_hand': 0
 'right_hand': 0
 'feet': 8
 'rest': 14>
  warn(f"warnEpochs {epochs}")
/home/mateusz/PROJEKTY/moabb/moabb/datasets/preprocessing.py:278: UserWarning: warnEpochs <Epochs | 29 events (all good), 0 – 3 s (baseline off), ~6.9 MiB, data loaded,
 'left_hand': 8
 'right_hand': 7
 'feet': 0
 'rest': 14>
  warn(f"warnEpochs {epochs}")
/home/mateusz/PROJEKTY/moabb/moabb/datasets/preprocessing.py:278: UserWarning: warnEpochs <Epochs | 29 events (all good), 0 – 3 s (baseline off), ~6.9 MiB, data loaded,
 'left_hand': 8
 'right_hand': 7
 'feet': 0
 'rest': 14>
  warn(f"warnEpochs {epochs}")
/home/mateusz/PROJEKTY/moabb/moabb/datasets/preprocessing.py:278: UserWarning: warnEpochs <Epochs | 29 events (all good), 0 – 3 s (baseline off), ~6.9 MiB, data loaded,
 'left_hand': 8
 'right_hand': 7
 'feet': 0
 'rest': 14>
  warn(f"warnEpochs {epochs}")
/home/mateusz/PROJEKTY/moabb/moabb/datasets/preprocessing.py:278: UserWarning: warnEpochs <Epochs | 22 events (all good), 0 – 3 s (baseline off), ~5.2 MiB, data loaded,
 'left_hand': 0
 'right_hand': 0
 'feet': 8
 'rest': 14>
  warn(f"warnEpochs {epochs}")
/home/mateusz/PROJEKTY/moabb/moabb/datasets/preprocessing.py:278: UserWarning: warnEpochs <Epochs | 21 events (all good), 0 – 3 s (baseline off), ~5.0 MiB, data loaded,
 'left_hand': 0
 'right_hand': 0
 'feet': 7
 'rest': 14>
  warn(f"warnEpochs {epochs}")
/home/mateusz/PROJEKTY/moabb/moabb/datasets/preprocessing.py:278: UserWarning: warnEpochs <Epochs | 21 events (all good), 0 – 3 s (baseline off), ~5.0 MiB, data loaded,
 'left_hand': 0
 'right_hand': 0
 'feet': 7
 'rest': 14>
  warn(f"warnEpochs {epochs}")

    n_train= 185  acc=0.619 ± 0.021
    n_train= 200  acc=0.834 ± 0.016
    n_train= 215  acc=0.863 ± 0.025
    n_train= 230  acc=0.863 ± 0.025
    n_train= 245  acc=0.859 ± 0.014
  [Weibo2014] subject 9: trening...
    320 epok, sfreq=200.0 Hz
    n_train=  20  acc=0.441 ± 0.063
    n_train=  35  acc=0.466 ± 0.074
    n_train=  50  acc=0.547 ± 0.054
    n_train=  65  acc=0.572 ± 0.040
    n_train=  80  acc=0.566 ± 0.042
    n_train=  95  acc=0.609 ± 0.043
    n_train= 110  acc=0.597 ± 0.037
    n_train= 125  acc=0.609 ± 0.034
    n_train= 140  acc=0.634 ± 0.029
    n_train= 155  acc=0.644 ± 0.027
    n_train= 170  acc=0.650 ± 0.021
    n_train= 185  acc=0.637 ± 0.027
    n_train= 200  acc=0.738 ± 0.025
    n_train= 215  acc=0.869 ± 0.046
    n_train= 230  acc=0.887 ± 0.035
    n_train= 245  acc=0.897 ± 0.031
  [Weibo2014] subject 10: trening...
    320 epok, sfreq=200.0 Hz
    n_train=  20  acc=0.319 ± 0.056
    n_train=  35  acc=0.356 ± 0.033
    n_train=  50  acc=0.344 ± 0.068
    n_train=  65  acc=0.375 ± 0.048
    n_train=  80  acc=0.375 ± 0.080
    n_train=  95  acc=0.381 ± 0.079
    n_train= 110  acc=0.400 ± 0.041
    n_train= 125  acc=0.391 ± 0.048
    n_train= 140  acc=0.403 ± 0.040
    n_train= 155  acc=0.428 ± 0.043
    n_train= 170  acc=0.447 ± 0.041
    n_train= 185  acc=0.463 ± 0.055
    n_train= 200  acc=0.525 ± 0.058
    n_train= 215  acc=0.669 ± 0.074
    n_train= 230  acc=0.709 ± 0.061
    n_train= 245  acc=0.706 ± 0.064

============================================================
Dataset: PhysionetMI
============================================================
  [PhysionetMI] subject 1: trening...
    153 epok, sfreq=160.0 Hz
    n_train=  20  acc=0.562 ± 0.041
    n_train=  26  acc=0.562 ± 0.071
    n_train=  32  acc=0.595 ± 0.064
    n_train=  38  acc=0.575 ± 0.063
    n_train=  44  acc=0.595 ± 0.051
    n_train=  50  acc=0.614 ± 0.063
    n_train=  56  acc=0.628 ± 0.055
    n_train=  62  acc=0.621 ± 0.068
    n_train=  68  acc=0.628 ± 0.053
    n_train=  74  acc=0.628 ± 0.063
    n_train=  80  acc=0.634 ± 0.060
    n_train=  86  acc=0.647 ± 0.054
    n_train=  92  acc=0.660 ± 0.045
    n_train=  98  acc=0.667 ± 0.056
    n_train= 104  acc=0.680 ± 0.075
    n_train= 110  acc=0.686 ± 0.077
    n_train= 116  acc=0.713 ± 0.065
    n_train= 122  acc=0.712 ± 0.062
  [PhysionetMI] subject 2: trening...
    150 epok, sfreq=160.0 Hz
    n_train=  20  acc=0.593 ± 0.013
    n_train=  26  acc=0.580 ± 0.062
    n_train=  32  acc=0.613 ± 0.034
    n_train=  38  acc=0.627 ± 0.025
    n_train=  44  acc=0.633 ± 0.021
    n_train=  50  acc=0.640 ± 0.049
    n_train=  56  acc=0.640 ± 0.044
    n_train=  62  acc=0.647 ± 0.034
    n_train=  68  acc=0.653 ± 0.016
    n_train=  74  acc=0.653 ± 0.034
    n_train=  80  acc=0.667 ± 0.047
    n_train=  86  acc=0.667 ± 0.047
    n_train=  92  acc=0.667 ± 0.047
    n_train=  98  acc=0.673 ± 0.025
    n_train= 104  acc=0.660 ± 0.044
    n_train= 110  acc=0.687 ± 0.016
    n_train= 116  acc=0.700 ± 0.037
  [PhysionetMI] subject 3: trening...
    153 epok, sfreq=160.0 Hz
    n_train=  20  acc=0.589 ± 0.035
    n_train=  26  acc=0.582 ± 0.023
    n_train=  32  acc=0.602 ± 0.029
    n_train=  38  acc=0.608 ± 0.037
    n_train=  44  acc=0.621 ± 0.047
    n_train=  50  acc=0.595 ± 0.049
    n_train=  56  acc=0.588 ± 0.023
    n_train=  62  acc=0.595 ± 0.051
    n_train=  68  acc=0.621 ± 0.060
    n_train=  74  acc=0.615 ± 0.041
    n_train=  80  acc=0.628 ± 0.042
    n_train=  86  acc=0.634 ± 0.054
    n_train=  92  acc=0.621 ± 0.040
    n_train=  98  acc=0.628 ± 0.049
    n_train= 104  acc=0.654 ± 0.047
    n_train= 110  acc=0.641 ± 0.043
    n_train= 116  acc=0.647 ± 0.035
    n_train= 122  acc=0.654 ± 0.046
  [PhysionetMI] subject 4: trening...
    152 epok, sfreq=160.0 Hz
    n_train=  20  acc=0.632 ± 0.024
    n_train=  26  acc=0.671 ± 0.032
    n_train=  32  acc=0.704 ± 0.034
    n_train=  38  acc=0.704 ± 0.041
    n_train=  44  acc=0.691 ± 0.039
    n_train=  50  acc=0.717 ± 0.052
    n_train=  56  acc=0.730 ± 0.051
    n_train=  62  acc=0.730 ± 0.051
    n_train=  68  acc=0.737 ± 0.048
    n_train=  74  acc=0.737 ± 0.037
    n_train=  80  acc=0.763 ± 0.074
    n_train=  86  acc=0.822 ± 0.075
    n_train=  92  acc=0.868 ± 0.051
    n_train=  98  acc=0.874 ± 0.049
    n_train= 104  acc=0.874 ± 0.049
    n_train= 110  acc=0.881 ± 0.051
    n_train= 116  acc=0.881 ± 0.051
  [PhysionetMI] subject 5: trening...
    151 epok, sfreq=160.0 Hz
    n_train=  20  acc=0.550 ± 0.015
    n_train=  26  acc=0.543 ± 0.029
    n_train=  32  acc=0.550 ± 0.015
    n_train=  38  acc=0.550 ± 0.021
    n_train=  44  acc=0.556 ± 0.014
    n_train=  50  acc=0.543 ± 0.020
    n_train=  56  acc=0.550 ± 0.015
    n_train=  62  acc=0.523 ± 0.036
    n_train=  68  acc=0.504 ± 0.042
    n_train=  74  acc=0.523 ± 0.036
    n_train=  80  acc=0.530 ± 0.034
    n_train=  86  acc=0.537 ± 0.043
    n_train=  92  acc=0.550 ± 0.021
    n_train=  98  acc=0.550 ± 0.015
    n_train= 104  acc=0.543 ± 0.020
    n_train= 110  acc=0.563 ± 0.029
    n_train= 116  acc=0.550 ± 0.015
  [PhysionetMI] subject 6: trening...
    152 epok, sfreq=160.0 Hz
    n_train=  20  acc=0.546 ± 0.020
    n_train=  26  acc=0.493 ± 0.063
    n_train=  32  acc=0.506 ± 0.051
    n_train=  38  acc=0.513 ± 0.053
    n_train=  44  acc=0.526 ± 0.008
    n_train=  50  acc=0.520 ± 0.035
    n_train=  56  acc=0.494 ± 0.064
    n_train=  62  acc=0.513 ± 0.088
    n_train=  68  acc=0.513 ± 0.061
    n_train=  74  acc=0.539 ± 0.065
    n_train=  80  acc=0.546 ± 0.057
    n_train=  86  acc=0.579 ± 0.052
    n_train=  92  acc=0.579 ± 0.052
    n_train=  98  acc=0.579 ± 0.052
    n_train= 104  acc=0.572 ± 0.045
    n_train= 110  acc=0.599 ± 0.038
    n_train= 116  acc=0.599 ± 0.023
  [PhysionetMI] subject 7: trening...
    152 epok, sfreq=160.0 Hz
    n_train=  20  acc=0.625 ± 0.055
    n_train=  26  acc=0.618 ± 0.070
    n_train=  32  acc=0.652 ± 0.047
    n_train=  38  acc=0.684 ± 0.049
    n_train=  44  acc=0.691 ± 0.051
    n_train=  50  acc=0.730 ± 0.054
    n_train=  56  acc=0.769 ± 0.048
    n_train=  62  acc=0.769 ± 0.039
    n_train=  68  acc=0.802 ± 0.032
    n_train=  74  acc=0.789 ± 0.036
    n_train=  80  acc=0.796 ± 0.034
    n_train=  86  acc=0.848 ± 0.055
    n_train=  92  acc=0.854 ± 0.075
    n_train=  98  acc=0.874 ± 0.071
    n_train= 104  acc=0.881 ± 0.072
    n_train= 110  acc=0.888 ± 0.050
    n_train= 116  acc=0.894 ± 0.039
  [PhysionetMI] subject 8: trening...
    151 epok, sfreq=160.0 Hz
    n_train=  20  acc=0.536 ± 0.030
    n_train=  26  acc=0.536 ± 0.037
    n_train=  32  acc=0.570 ± 0.069
    n_train=  38  acc=0.603 ± 0.058
    n_train=  44  acc=0.570 ± 0.075
    n_train=  50  acc=0.537 ± 0.083
    n_train=  56  acc=0.556 ± 0.039
    n_train=  62  acc=0.583 ± 0.037
    n_train=  68  acc=0.570 ± 0.058
    n_train=  74  acc=0.610 ± 0.039
    n_train=  80  acc=0.597 ± 0.060
    n_train=  86  acc=0.590 ± 0.069
    n_train=  92  acc=0.623 ± 0.047
    n_train=  98  acc=0.649 ± 0.043
    n_train= 104  acc=0.682 ± 0.048
    n_train= 110  acc=0.669 ± 0.067
    n_train= 116  acc=0.662 ± 0.058
  [PhysionetMI] subject 9: trening...
    151 epok, sfreq=160.0 Hz
    n_train=  20  acc=0.557 ± 0.020
    n_train=  26  acc=0.437 ± 0.128
    n_train=  32  acc=0.470 ± 0.091
    n_train=  38  acc=0.470 ± 0.065
    n_train=  44  acc=0.523 ± 0.051
    n_train=  50  acc=0.490 ± 0.085
    n_train=  56  acc=0.477 ± 0.053
    n_train=  62  acc=0.524 ± 0.094
    n_train=  68  acc=0.517 ± 0.103
    n_train=  74  acc=0.550 ± 0.052
    n_train=  80  acc=0.550 ± 0.052
    n_train=  86  acc=0.543 ± 0.047
    n_train=  92  acc=0.557 ± 0.042
    n_train=  98  acc=0.570 ± 0.052
    n_train= 104  acc=0.576 ± 0.036
    n_train= 110  acc=0.583 ± 0.052
    n_train= 116  acc=0.570 ± 0.052
  [PhysionetMI] subject 10: trening...
    151 epok, sfreq=160.0 Hz
    n_train=  20  acc=0.563 ± 0.007
    n_train=  26  acc=0.509 ± 0.077
    n_train=  32  acc=0.563 ± 0.007
    n_train=  38  acc=0.556 ± 0.014/home/mateusz/PROJEKTY/moabb/moabb/datasets/preprocessing.py:278: UserWarning: warnEpochs <Epochs | 90 events (all good), 0 – 5 s (baseline off), ~12.0 MiB, data loaded,
 'left_hand': 30
 'right_hand': 30
 'feet': 30>
  warn(f"warnEpochs {epochs}")
/home/mateusz/PROJEKTY/moabb/moabb/datasets/preprocessing.py:278: UserWarning: warnEpochs <Epochs | 89 events (all good), 0 – 5 s (baseline off), ~11.9 MiB, data loaded,
 'left_hand': 30
 'right_hand': 29
 'feet': 30>
  warn(f"warnEpochs {epochs}")
/home/mateusz/PROJEKTY/moabb/moabb/datasets/preprocessing.py:278: UserWarning: warnEpochs <Epochs | 75 events (all good), 0 – 5 s (baseline off), ~10.0 MiB, data loaded,
 'left_hand': 25
 'right_hand': 25
 'feet': 25>
  warn(f"warnEpochs {epochs}")
/home/mateusz/PROJEKTY/moabb/moabb/datasets/preprocessing.py:278: UserWarning: warnEpochs <Epochs | 75 events (all good), 0 – 5 s (baseline off), ~10.0 MiB, data loaded,
 'left_hand': 25
 'right_hand': 25
 'feet': 25>
  warn(f"warnEpochs {epochs}")
/home/mateusz/PROJEKTY/moabb/moabb/datasets/preprocessing.py:278: UserWarning: warnEpochs <Epochs | 75 events (all good), 0 – 5 s (baseline off), ~10.0 MiB, data loaded,
 'left_hand': 25
 'right_hand': 25
 'feet': 25>
  warn(f"warnEpochs {epochs}")
/home/mateusz/PROJEKTY/moabb/moabb/datasets/preprocessing.py:278: UserWarning: warnEpochs <Epochs | 75 events (all good), 0 – 5 s (baseline off), ~10.0 MiB, data loaded,
 'left_hand': 25
 'right_hand': 25
 'feet': 25>
  warn(f"warnEpochs {epochs}")
/home/mateusz/PROJEKTY/moabb/moabb/datasets/preprocessing.py:278: UserWarning: warnEpochs <Epochs | 75 events (all good), 0 – 5 s (baseline off), ~10.0 MiB, data loaded,
 'left_hand': 25
 'right_hand': 25
 'feet': 25>
  warn(f"warnEpochs {epochs}")
/home/mateusz/PROJEKTY/moabb/moabb/datasets/preprocessing.py:278: UserWarning: warnEpochs <Epochs | 75 events (all good), 0 – 5 s (baseline off), ~10.0 MiB, data loaded,
 'left_hand': 25
 'right_hand': 25
 'feet': 25>
  warn(f"warnEpochs {epochs}")
/home/mateusz/PROJEKTY/moabb/moabb/datasets/preprocessing.py:278: UserWarning: warnEpochs <Epochs | 75 events (all good), 0 – 5 s (baseline off), ~10.0 MiB, data loaded,
 'left_hand': 25
 'right_hand': 25
 'feet': 25>
  warn(f"warnEpochs {epochs}")
/home/mateusz/PROJEKTY/moabb/moabb/datasets/preprocessing.py:278: UserWarning: warnEpochs <Epochs | 60 events (all good), 0 – 5 s (baseline off), ~8.0 MiB, data loaded,
 'left_hand': 20
 'right_hand': 20
 'feet': 20>
  warn(f"warnEpochs {epochs}")
/home/mateusz/PROJEKTY/moabb/moabb/datasets/preprocessing.py:278: UserWarning: warnEpochs <Epochs | 75 events (all good), 0 – 5 s (baseline off), ~10.0 MiB, data loaded,
 'left_hand': 25
 'right_hand': 25
 'feet': 25>
  warn(f"warnEpochs {epochs}")
/home/mateusz/PROJEKTY/moabb/moabb/datasets/preprocessing.py:278: UserWarning: warnEpochs <Epochs | 75 events (all good), 0 – 5 s (baseline off), ~10.0 MiB, data loaded,
 'left_hand': 25
 'right_hand': 25
 'feet': 25>
  warn(f"warnEpochs {epochs}")
/home/mateusz/PROJEKTY/moabb/moabb/datasets/preprocessing.py:278: UserWarning: warnEpochs <Epochs | 75 events (all good), 0 – 5 s (baseline off), ~10.0 MiB, data loaded,
 'left_hand': 25
 'right_hand': 25
 'feet': 25>
  warn(f"warnEpochs {epochs}")
/home/mateusz/PROJEKTY/moabb/moabb/datasets/preprocessing.py:278: UserWarning: warnEpochs <Epochs | 75 events (all good), 0 – 5 s (baseline off), ~10.0 MiB, data loaded,
 'left_hand': 25
 'right_hand': 25
 'feet': 25>
  warn(f"warnEpochs {epochs}")
/home/mateusz/PROJEKTY/moabb/moabb/datasets/preprocessing.py:278: UserWarning: warnEpochs <Epochs | 75 events (all good), 0 – 5 s (baseline off), ~10.0 MiB, data loaded,
 'left_hand': 25
 'right_hand': 25
 'feet': 25>
  warn(f"warnEpochs {epochs}")
/home/mateusz/PROJEKTY/moabb/moabb/datasets/preprocessing.py:278: UserWarning: warnEpochs <Epochs | 76 events (all good), 0 – 5 s (baseline off), ~10.2 MiB, data loaded,
 'left_hand': 25
 'right_hand': 25
 'feet': 26>
  warn(f"warnEpochs {epochs}")
/home/mateusz/PROJEKTY/moabb/moabb/datasets/preprocessing.py:278: UserWarning: warnEpochs <Epochs | 75 events (all good), 0 – 5 s (baseline off), ~10.0 MiB, data loaded,
 'left_hand': 25
 'right_hand': 25
 'feet': 25>
  warn(f"warnEpochs {epochs}")
/home/mateusz/PROJEKTY/moabb/moabb/datasets/preprocessing.py:278: UserWarning: warnEpochs <Epochs | 75 events (all good), 0 – 5 s (baseline off), ~10.0 MiB, data loaded,
 'left_hand': 25
 'right_hand': 25
 'feet': 25>
  warn(f"warnEpochs {epochs}")
/home/mateusz/PROJEKTY/moabb/moabb/datasets/preprocessing.py:278: UserWarning: warnEpochs <Epochs | 60 events (all good), 0 – 5 s (baseline off), ~8.0 MiB, data loaded,
 'left_hand': 20
 'right_hand': 20
 'feet': 20>
  warn(f"warnEpochs {epochs}")
/home/mateusz/PROJEKTY/moabb/moabb/datasets/preprocessing.py:278: UserWarning: warnEpochs <Epochs | 75 events (all good), 0 – 5 s (baseline off), ~10.0 MiB, data loaded,
 'left_hand': 25
 'right_hand': 25
 'feet': 25>
  warn(f"warnEpochs {epochs}")
/home/mateusz/PROJEKTY/moabb/moabb/datasets/preprocessing.py:278: UserWarning: warnEpochs <Epochs | 75 events (all good), 0 – 5 s (baseline off), ~10.0 MiB, data loaded,
 'left_hand': 25
 'right_hand': 25
 'feet': 25>
  warn(f"warnEpochs {epochs}")
/home/mateusz/PROJEKTY/moabb/moabb/datasets/preprocessing.py:278: UserWarning: warnEpochs <Epochs | 75 events (all good), 0 – 5 s (baseline off), ~10.0 MiB, data loaded,
 'left_hand': 25
 'right_hand': 25
 'feet': 25>
  warn(f"warnEpochs {epochs}")
/home/mateusz/PROJEKTY/moabb/moabb/datasets/preprocessing.py:278: UserWarning: warnEpochs <Epochs | 75 events (all good), 0 – 5 s (baseline off), ~10.0 MiB, data loaded,
 'left_hand': 25
 'right_hand': 25
 'feet': 25>
  warn(f"warnEpochs {epochs}")
/home/mateusz/PROJEKTY/moabb/moabb/datasets/preprocessing.py:278: UserWarning: warnEpochs <Epochs | 75 events (all good), 0 – 5 s (baseline off), ~10.0 MiB, data loaded,
 'left_hand': 25
 'right_hand': 25
 'feet': 25>
  warn(f"warnEpochs {epochs}")
/home/mateusz/PROJEKTY/moabb/moabb/datasets/preprocessing.py:278: UserWarning: warnEpochs <Epochs | 48 events (all good), 2 – 6 s (baseline off), ~8.1 MiB, data loaded,
 'left_hand': 12
 'right_hand': 12
 'feet': 12
 'tongue': 12>
  warn(f"warnEpochs {epochs}")
/home/mateusz/PROJEKTY/moabb/moabb/datasets/preprocessing.py:278: UserWarning: warnEpochs <Epochs | 48 events (all good), 2 – 6 s (baseline off), ~8.1 MiB, data loaded,
 'left_hand': 12
 'right_hand': 12
 'feet': 12
 'tongue': 12>
  warn(f"warnEpochs {epochs}")
/home/mateusz/PROJEKTY/moabb/moabb/datasets/preprocessing.py:278: UserWarning: warnEpochs <Epochs | 48 events (all good), 2 – 6 s (baseline off), ~8.1 MiB, data loaded,
 'left_hand': 12
 'right_hand': 12
 'feet': 12
 'tongue': 12>
  warn(f"warnEpochs {epochs}")
/home/mateusz/PROJEKTY/moabb/moabb/datasets/preprocessing.py:278: UserWarning: warnEpochs <Epochs | 48 events (all good), 2 – 6 s (baseline off), ~8.1 MiB, data loaded,
 'left_hand': 12
 'right_hand': 12
 'feet': 12
 'tongue': 12>
  warn(f"warnEpochs {epochs}")
/home/mateusz/PROJEKTY/moabb/moabb/datasets/preprocessing.py:278: UserWarning: warnEpochs <Epochs | 48 events (all good), 2 – 6 s (baseline off), ~8.1 MiB, data loaded,
 'left_hand': 12
 'right_hand': 12
 'feet': 12
 'tongue': 12>
  warn(f"warnEpochs {epochs}")
/home/mateusz/PROJEKTY/moabb/moabb/datasets/preprocessing.py:278: UserWarning: warnEpochs <Epochs | 48 events (all good), 2 – 6 s (baseline off), ~8.1 MiB, data loaded,
 'left_hand': 12
 'right_hand': 12
 'feet': 12
 'tongue': 12>
  warn(f"warnEpochs {epochs}")
/home/mateusz/PROJEKTY/moabb/moabb/datasets/preprocessing.py:278: UserWarning: warnEpochs <Epochs | 48 events (all good), 2 – 6 s (baseline off), ~8.1 MiB, data loaded,
 'left_hand': 12
 'right_hand': 12
 'feet': 12
 'tongue': 12>
  warn(f"warnEpochs {epochs}")
/home/mateusz/PROJEKTY/moabb/moabb/datasets/preprocessing.py:278: UserWarning: warnEpochs <Epochs | 48 events (all good), 2 – 6 s (baseline off), ~8.1 MiB, data loaded,
 'left_hand': 12
 'right_hand': 12
 'feet': 12
 'tongue': 12>
  warn(f"warnEpochs {epochs}")
/home/mateusz/PROJEKTY/moabb/moabb/datasets/preprocessing.py:278: UserWarning: warnEpochs <Epochs | 48 events (all good), 2 – 6 s (baseline off), ~8.1 MiB, data loaded,
 'left_hand': 12
 'right_hand': 12
 'feet': 12
 'tongue': 12>
  warn(f"warnEpochs {epochs}")
/home/mateusz/PROJEKTY/moabb/moabb/datasets/preprocessing.py:278: UserWarning: warnEpochs <Epochs | 48 events (all good), 2 – 6 s (baseline off), ~8.1 MiB, data loaded,
 'left_hand': 12
 'right_hand': 12
 'feet': 12
 'tongue': 12>
  warn(f"warnEpochs {epochs}")
/home/mateusz/PROJEKTY/moabb/moabb/datasets/preprocessing.py:278: UserWarning: warnEpochs <Epochs | 48 events (all good), 2 – 6 s (baseline off), ~8.1 MiB, data loaded,
 'left_hand': 12
 'right_hand': 12
 'feet': 12
 'tongue': 12>
  warn(f"warnEpochs {epochs}")
/home/mateusz/PROJEKTY/moabb/moabb/datasets/preprocessing.py:278: UserWarning: warnEpochs <Epochs | 48 events (all good), 2 – 6 s (baseline off), ~8.1 MiB, data loaded,
 'left_hand': 12
 'right_hand': 12
 'feet': 12
 'tongue': 12>
  warn(f"warnEpochs {epochs}")
/home/mateusz/PROJEKTY/moabb/moabb/datasets/preprocessing.py:278: UserWarning: warnEpochs <Epochs | 48 events (all good), 2 – 6 s (baseline off), ~8.1 MiB, data loaded,
 'left_hand': 12
 'right_hand': 12
 'feet': 12
 'tongue': 12>
  warn(f"warnEpochs {epochs}")
/home/mateusz/PROJEKTY/moabb/moabb/datasets/preprocessing.py:278: UserWarning: warnEpochs <Epochs | 48 events (all good), 2 – 6 s (baseline off), ~8.1 MiB, data loaded,
 'left_hand': 12
 'right_hand': 12
 'feet': 12
 'tongue': 12>
  warn(f"warnEpochs {epochs}")
/home/mateusz/PROJEKTY/moabb/moabb/datasets/preprocessing.py:278: UserWarning: warnEpochs <Epochs | 48 events (all good), 2 – 6 s (baseline off), ~8.1 MiB, data loaded,
 'left_hand': 12
 'right_hand': 12
 'feet': 12
 'tongue': 12>
  warn(f"warnEpochs {epochs}")
/home/mateusz/PROJEKTY/moabb/moabb/datasets/preprocessing.py:278: UserWarning: warnEpochs <Epochs | 48 events (all good), 2 – 6 s (baseline off), ~8.1 MiB, data loaded,
 'left_hand': 12
 'right_hand': 12
 'feet': 12
 'tongue': 12>
  warn(f"warnEpochs {epochs}")
/home/mateusz/PROJEKTY/moabb/moabb/datasets/preprocessing.py:278: UserWarning: warnEpochs <Epochs | 48 events (all good), 2 – 6 s (baseline off), ~8.1 MiB, data loaded,
 'left_hand': 12
 'right_hand': 12
 'feet': 12
 'tongue': 12>
  warn(f"warnEpochs {epochs}")
/home/mateusz/PROJEKTY/moabb/moabb/datasets/preprocessing.py:278: UserWarning: warnEpochs <Epochs | 48 events (all good), 2 – 6 s (baseline off), ~8.1 MiB, data loaded,
 'left_hand': 12
 'right_hand': 12
 'feet': 12
 'tongue': 12>
  warn(f"warnEpochs {epochs}")
/home/mateusz/PROJEKTY/moabb/moabb/datasets/preprocessing.py:278: UserWarning: warnEpochs <Epochs | 48 events (all good), 2 – 6 s (baseline off), ~8.1 MiB, data loaded,
 'left_hand': 12
 'right_hand': 12
 'feet': 12
 'tongue': 12>
  warn(f"warnEpochs {epochs}")
/home/mateusz/PROJEKTY/moabb/moabb/datasets/preprocessing.py:278: UserWarning: warnEpochs <Epochs | 48 events (all good), 2 – 6 s (baseline off), ~8.1 MiB, data loaded,
 'left_hand': 12
 'right_hand': 12
 'feet': 12
 'tongue': 12>
  warn(f"warnEpochs {epochs}")
/home/mateusz/PROJEKTY/moabb/moabb/datasets/preprocessing.py:278: UserWarning: warnEpochs <Epochs | 48 events (all good), 2 – 6 s (baseline off), ~8.1 MiB, data loaded,
 'left_hand': 12
 'right_hand': 12
 'feet': 12
 'tongue': 12>
  warn(f"warnEpochs {epochs}")
/home/mateusz/PROJEKTY/moabb/moabb/datasets/preprocessing.py:278: UserWarning: warnEpochs <Epochs | 48 events (all good), 2 – 6 s (baseline off), ~8.1 MiB, data loaded,
 'left_hand': 12
 'right_hand': 12
 'feet': 12
 'tongue': 12>
  warn(f"warnEpochs {epochs}")
/home/mateusz/PROJEKTY/moabb/moabb/datasets/preprocessing.py:278: UserWarning: warnEpochs <Epochs | 48 events (all good), 2 – 6 s (baseline off), ~8.1 MiB, data loaded,
 'left_hand': 12
 'right_hand': 12
 'feet': 12
 'tongue': 12>
  warn(f"warnEpochs {epochs}")
/home/mateusz/PROJEKTY/moabb/moabb/datasets/preprocessing.py:278: UserWarning: warnEpochs <Epochs | 48 events (all good), 2 – 6 s (baseline off), ~8.1 MiB, data loaded,
 'left_hand': 12
 'right_hand': 12
 'feet': 12
 'tongue': 12>
  warn(f"warnEpochs {epochs}")
/home/mateusz/PROJEKTY/moabb/moabb/datasets/preprocessing.py:278: UserWarning: warnEpochs <Epochs | 48 events (all good), 2 – 6 s (baseline off), ~8.1 MiB, data loaded,
 'left_hand': 12
 'right_hand': 12
 'feet': 12
 'tongue': 12>
  warn(f"warnEpochs {epochs}")
/home/mateusz/PROJEKTY/moabb/moabb/datasets/preprocessing.py:278: UserWarning: warnEpochs <Epochs | 48 events (all good), 2 – 6 s (baseline off), ~8.1 MiB, data loaded,
 'left_hand': 12
 'right_hand': 12
 'feet': 12
 'tongue': 12>
  warn(f"warnEpochs {epochs}")
/home/mateusz/PROJEKTY/moabb/moabb/datasets/preprocessing.py:278: UserWarning: warnEpochs <Epochs | 48 events (all good), 2 – 6 s (baseline off), ~8.1 MiB, data loaded,
 'left_hand': 12
 'right_hand': 12
 'feet': 12
 'tongue': 12>
  warn(f"warnEpochs {epochs}")
/home/mateusz/PROJEKTY/moabb/moabb/datasets/preprocessing.py:278: UserWarning: warnEpochs <Epochs | 48 events (all good), 2 – 6 s (baseline off), ~8.1 MiB, data loaded,
 'left_hand': 12
 'right_hand': 12
 'feet': 12
 'tongue': 12>
  warn(f"warnEpochs {epochs}")
/home/mateusz/PROJEKTY/moabb/moabb/datasets/preprocessing.py:278: UserWarning: warnEpochs <Epochs | 48 events (all good), 2 – 6 s (baseline off), ~8.1 MiB, data loaded,
 'left_hand': 12
 'right_hand': 12
 'feet': 12
 'tongue': 12>
  warn(f"warnEpochs {epochs}")
/home/mateusz/PROJEKTY/moabb/moabb/datasets/preprocessing.py:278: UserWarning: warnEpochs <Epochs | 48 events (all good), 2 – 6 s (baseline off), ~8.1 MiB, data loaded,
 'left_hand': 12
 'right_hand': 12
 'feet': 12
 'tongue': 12>
  warn(f"warnEpochs {epochs}")
/home/mateusz/PROJEKTY/moabb/moabb/datasets/preprocessing.py:278: UserWarning: warnEpochs <Epochs | 48 events (all good), 2 – 6 s (baseline off), ~8.1 MiB, data loaded,
 'left_hand': 12
 'right_hand': 12
 'feet': 12
 'tongue': 12>
  warn(f"warnEpochs {epochs}")
/home/mateusz/PROJEKTY/moabb/moabb/datasets/preprocessing.py:278: UserWarning: warnEpochs <Epochs | 48 events (all good), 2 – 6 s (baseline off), ~8.1 MiB, data loaded,
 'left_hand': 12
 'right_hand': 12
 'feet': 12
 'tongue': 12>
  warn(f"warnEpochs {epochs}")
/home/mateusz/PROJEKTY/moabb/moabb/datasets/preprocessing.py:278: UserWarning: warnEpochs <Epochs | 48 events (all good), 2 – 6 s (baseline off), ~8.1 MiB, data loaded,
 'left_hand': 12
 'right_hand': 12
 'feet': 12
 'tongue': 12>
  warn(f"warnEpochs {epochs}")
/home/mateusz/PROJEKTY/moabb/moabb/datasets/preprocessing.py:278: UserWarning: warnEpochs <Epochs | 48 events (all good), 2 – 6 s (baseline off), ~8.1 MiB, data loaded,
 'left_hand': 12
 'right_hand': 12
 'feet': 12
 'tongue': 12>
  warn(f"warnEpochs {epochs}")
/home/mateusz/PROJEKTY/moabb/moabb/datasets/preprocessing.py:278: UserWarning: warnEpochs <Epochs | 48 events (all good), 2 – 6 s (baseline off), ~8.1 MiB, data loaded,
 'left_hand': 12
 'right_hand': 12
 'feet': 12
 'tongue': 12>
  warn(f"warnEpochs {epochs}")
/home/mateusz/PROJEKTY/moabb/moabb/datasets/preprocessing.py:278: UserWarning: warnEpochs <Epochs | 48 events (all good), 2 – 6 s (baseline off), ~8.1 MiB, data loaded,
 'left_hand': 12
 'right_hand': 12
 'feet': 12
 'tongue': 12>
  warn(f"warnEpochs {epochs}")
/home/mateusz/PROJEKTY/moabb/moabb/datasets/preprocessing.py:278: UserWarning: warnEpochs <Epochs | 48 events (all good), 2 – 6 s (baseline off), ~8.1 MiB, data loaded,
 'left_hand': 12
 'right_hand': 12
 'feet': 12
 'tongue': 12>
  warn(f"warnEpochs {epochs}")
/home/mateusz/PROJEKTY/moabb/moabb/datasets/preprocessing.py:278: UserWarning: warnEpochs <Epochs | 48 events (all good), 2 – 6 s (baseline off), ~8.1 MiB, data loaded,
 'left_hand': 12
 'right_hand': 12
 'feet': 12
 'tongue': 12>
  warn(f"warnEpochs {epochs}")
/home/mateusz/PROJEKTY/moabb/moabb/datasets/preprocessing.py:278: UserWarning: warnEpochs <Epochs | 48 events (all good), 2 – 6 s (baseline off), ~8.1 MiB, data loaded,
 'left_hand': 12
 'right_hand': 12
 'feet': 12
 'tongue': 12>
  warn(f"warnEpochs {epochs}")
/home/mateusz/PROJEKTY/moabb/moabb/datasets/preprocessing.py:278: UserWarning: warnEpochs <Epochs | 48 events (all good), 2 – 6 s (baseline off), ~8.1 MiB, data loaded,
 'left_hand': 12
 'right_hand': 12
 'feet': 12
 'tongue': 12>
  warn(f"warnEpochs {epochs}")
/home/mateusz/PROJEKTY/moabb/moabb/datasets/preprocessing.py:278: UserWarning: warnEpochs <Epochs | 48 events (all good), 2 – 6 s (baseline off), ~8.1 MiB, data loaded,
 'left_hand': 12
 'right_hand': 12
 'feet': 12
 'tongue': 12>
  warn(f"warnEpochs {epochs}")
/home/mateusz/PROJEKTY/moabb/moabb/datasets/preprocessing.py:278: UserWarning: warnEpochs <Epochs | 48 events (all good), 2 – 6 s (baseline off), ~8.1 MiB, data loaded,
 'left_hand': 12
 'right_hand': 12
 'feet': 12
 'tongue': 12>
  warn(f"warnEpochs {epochs}")
/home/mateusz/PROJEKTY/moabb/moabb/datasets/preprocessing.py:278: UserWarning: warnEpochs <Epochs | 48 events (all good), 2 – 6 s (baseline off), ~8.1 MiB, data loaded,
 'left_hand': 12
 'right_hand': 12
 'feet': 12
 'tongue': 12>
  warn(f"warnEpochs {epochs}")
/home/mateusz/PROJEKTY/moabb/moabb/datasets/preprocessing.py:278: UserWarning: warnEpochs <Epochs | 48 events (all good), 2 – 6 s (baseline off), ~8.1 MiB, data loaded,
 'left_hand': 12
 'right_hand': 12
 'feet': 12
 'tongue': 12>
  warn(f"warnEpochs {epochs}")
/home/mateusz/PROJEKTY/moabb/moabb/datasets/preprocessing.py:278: UserWarning: warnEpochs <Epochs | 48 events (all good), 2 – 6 s (baseline off), ~8.1 MiB, data loaded,
 'left_hand': 12
 'right_hand': 12
 'feet': 12
 'tongue': 12>
  warn(f"warnEpochs {epochs}")
/home/mateusz/PROJEKTY/moabb/moabb/datasets/preprocessing.py:278: UserWarning: warnEpochs <Epochs | 48 events (all good), 2 – 6 s (baseline off), ~8.1 MiB, data loaded,
 'left_hand': 12
 'right_hand': 12
 'feet': 12
 'tongue': 12>
  warn(f"warnEpochs {epochs}")
/home/mateusz/PROJEKTY/moabb/moabb/datasets/preprocessing.py:278: UserWarning: warnEpochs <Epochs | 48 events (all good), 2 – 6 s (baseline off), ~8.1 MiB, data loaded,
 'left_hand': 12
 'right_hand': 12
 'feet': 12
 'tongue': 12>
  warn(f"warnEpochs {epochs}")
/home/mateusz/PROJEKTY/moabb/moabb/datasets/preprocessing.py:278: UserWarning: warnEpochs <Epochs | 48 events (all good), 2 – 6 s (baseline off), ~8.1 MiB, data loaded,
 'left_hand': 12
 'right_hand': 12
 'feet': 12
 'tongue': 12>
  warn(f"warnEpochs {epochs}")
/home/mateusz/PROJEKTY/moabb/moabb/datasets/preprocessing.py:278: UserWarning: warnEpochs <Epochs | 48 events (all good), 2 – 6 s (baseline off), ~8.1 MiB, data loaded,
 'left_hand': 12
 'right_hand': 12
 'feet': 12
 'tongue': 12>
  warn(f"warnEpochs {epochs}")
/home/mateusz/PROJEKTY/moabb/moabb/datasets/preprocessing.py:278: UserWarning: warnEpochs <Epochs | 48 events (all good), 2 – 6 s (baseline off), ~8.1 MiB, data loaded,
 'left_hand': 12
 'right_hand': 12
 'feet': 12
 'tongue': 12>
  warn(f"warnEpochs {epochs}")
/home/mateusz/PROJEKTY/moabb/moabb/datasets/preprocessing.py:278: UserWarning: warnEpochs <Epochs | 48 events (all good), 2 – 6 s (baseline off), ~8.1 MiB, data loaded,
 'left_hand': 12
 'right_hand': 12
 'feet': 12
 'tongue': 12>
  warn(f"warnEpochs {epochs}")
/home/mateusz/PROJEKTY/moabb/moabb/datasets/preprocessing.py:278: UserWarning: warnEpochs <Epochs | 48 events (all good), 2 – 6 s (baseline off), ~8.1 MiB, data loaded,
 'left_hand': 12
 'right_hand': 12
 'feet': 12
 'tongue': 12>
  warn(f"warnEpochs {epochs}")
/home/mateusz/PROJEKTY/moabb/moabb/datasets/preprocessing.py:278: UserWarning: warnEpochs <Epochs | 48 events (all good), 2 – 6 s (baseline off), ~8.1 MiB, data loaded,
 'left_hand': 12
 'right_hand': 12
 'feet': 12
 'tongue': 12>
  warn(f"warnEpochs {epochs}")
/home/mateusz/PROJEKTY/moabb/moabb/datasets/preprocessing.py:278: UserWarning: warnEpochs <Epochs | 48 events (all good), 2 – 6 s (baseline off), ~8.1 MiB, data loaded,
 'left_hand': 12
 'right_hand': 12
 'feet': 12
 'tongue': 12>
  warn(f"warnEpochs {epochs}")
/home/mateusz/PROJEKTY/moabb/moabb/datasets/preprocessing.py:278: UserWarning: warnEpochs <Epochs | 48 events (all good), 2 – 6 s (baseline off), ~8.1 MiB, data loaded,
 'left_hand': 12
 'right_hand': 12
 'feet': 12
 'tongue': 12>
  warn(f"warnEpochs {epochs}")
/home/mateusz/PROJEKTY/moabb/moabb/datasets/preprocessing.py:278: UserWarning: warnEpochs <Epochs | 48 events (all good), 2 – 6 s (baseline off), ~8.1 MiB, data loaded,
 'left_hand': 12
 'right_hand': 12
 'feet': 12
 'tongue': 12>
  warn(f"warnEpochs {epochs}")
/home/mateusz/PROJEKTY/moabb/moabb/datasets/preprocessing.py:278: UserWarning: warnEpochs <Epochs | 48 events (all good), 2 – 6 s (baseline off), ~8.1 MiB, data loaded,
 'left_hand': 12
 'right_hand': 12
 'feet': 12
 'tongue': 12>
  warn(f"warnEpochs {epochs}")
/home/mateusz/PROJEKTY/moabb/moabb/datasets/preprocessing.py:278: UserWarning: warnEpochs <Epochs | 48 events (all good), 2 – 6 s (baseline off), ~8.1 MiB, data loaded,
 'left_hand': 12
 'right_hand': 12
 'feet': 12
 'tongue': 12>
  warn(f"warnEpochs {epochs}")
/home/mateusz/PROJEKTY/moabb/moabb/datasets/preprocessing.py:278: UserWarning: warnEpochs <Epochs | 48 events (all good), 2 – 6 s (baseline off), ~8.1 MiB, data loaded,
 'left_hand': 12
 'right_hand': 12
 'feet': 12
 'tongue': 12>
  warn(f"warnEpochs {epochs}")
/home/mateusz/PROJEKTY/moabb/moabb/datasets/preprocessing.py:278: UserWarning: warnEpochs <Epochs | 48 events (all good), 2 – 6 s (baseline off), ~8.1 MiB, data loaded,
 'left_hand': 12
 'right_hand': 12
 'feet': 12
 'tongue': 12>
  warn(f"warnEpochs {epochs}")
/home/mateusz/PROJEKTY/moabb/moabb/datasets/preprocessing.py:278: UserWarning: warnEpochs <Epochs | 48 events (all good), 2 – 6 s (baseline off), ~8.1 MiB, data loaded,
 'left_hand': 12
 'right_hand': 12
 'feet': 12
 'tongue': 12>
  warn(f"warnEpochs {epochs}")
/home/mateusz/PROJEKTY/moabb/moabb/datasets/preprocessing.py:278: UserWarning: warnEpochs <Epochs | 48 events (all good), 2 – 6 s (baseline off), ~8.1 MiB, data loaded,
 'left_hand': 12
 'right_hand': 12
 'feet': 12
 'tongue': 12>
  warn(f"warnEpochs {epochs}")
/home/mateusz/PROJEKTY/moabb/moabb/datasets/preprocessing.py:278: UserWarning: warnEpochs <Epochs | 48 events (all good), 2 – 6 s (baseline off), ~8.1 MiB, data loaded,
 'left_hand': 12
 'right_hand': 12
 'feet': 12
 'tongue': 12>
  warn(f"warnEpochs {epochs}")
/home/mateusz/PROJEKTY/moabb/moabb/datasets/preprocessing.py:278: UserWarning: warnEpochs <Epochs | 48 events (all good), 2 – 6 s (baseline off), ~8.1 MiB, data loaded,
 'left_hand': 12
 'right_hand': 12
 'feet': 12
 'tongue': 12>
  warn(f"warnEpochs {epochs}")
/home/mateusz/PROJEKTY/moabb/moabb/datasets/preprocessing.py:278: UserWarning: warnEpochs <Epochs | 48 events (all good), 2 – 6 s (baseline off), ~8.1 MiB, data loaded,
 'left_hand': 12
 'right_hand': 12
 'feet': 12
 'tongue': 12>
  warn(f"warnEpochs {epochs}")
/home/mateusz/PROJEKTY/moabb/moabb/datasets/preprocessing.py:278: UserWarning: warnEpochs <Epochs | 48 events (all good), 2 – 6 s (baseline off), ~8.1 MiB, data loaded,
 'left_hand': 12
 'right_hand': 12
 'feet': 12
 'tongue': 12>
  warn(f"warnEpochs {epochs}")
/home/mateusz/PROJEKTY/moabb/moabb/datasets/preprocessing.py:278: UserWarning: warnEpochs <Epochs | 48 events (all good), 2 – 6 s (baseline off), ~8.1 MiB, data loaded,
 'left_hand': 12
 'right_hand': 12
 'feet': 12
 'tongue': 12>
  warn(f"warnEpochs {epochs}")
/home/mateusz/PROJEKTY/moabb/moabb/datasets/preprocessing.py:278: UserWarning: warnEpochs <Epochs | 48 events (all good), 2 – 6 s (baseline off), ~8.1 MiB, data loaded,
 'left_hand': 12
 'right_hand': 12
 'feet': 12
 'tongue': 12>
  warn(f"warnEpochs {epochs}")
/home/mateusz/PROJEKTY/moabb/moabb/datasets/preprocessing.py:278: UserWarning: warnEpochs <Epochs | 48 events (all good), 2 – 6 s (baseline off), ~8.1 MiB, data loaded,
 'left_hand': 12
 'right_hand': 12
 'feet': 12
 'tongue': 12>
  warn(f"warnEpochs {epochs}")
/home/mateusz/PROJEKTY/moabb/moabb/datasets/preprocessing.py:278: UserWarning: warnEpochs <Epochs | 48 events (all good), 2 – 6 s (baseline off), ~8.1 MiB, data loaded,
 'left_hand': 12
 'right_hand': 12
 'feet': 12
 'tongue': 12>
  warn(f"warnEpochs {epochs}")
/home/mateusz/PROJEKTY/moabb/moabb/datasets/preprocessing.py:278: UserWarning: warnEpochs <Epochs | 48 events (all good), 2 – 6 s (baseline off), ~8.1 MiB, data loaded,
 'left_hand': 12
 'right_hand': 12
 'feet': 12
 'tongue': 12>
  warn(f"warnEpochs {epochs}")
/home/mateusz/PROJEKTY/moabb/moabb/datasets/preprocessing.py:278: UserWarning: warnEpochs <Epochs | 48 events (all good), 2 – 6 s (baseline off), ~8.1 MiB, data loaded,
 'left_hand': 12
 'right_hand': 12
 'feet': 12
 'tongue': 12>
  warn(f"warnEpochs {epochs}")
/home/mateusz/PROJEKTY/moabb/moabb/datasets/preprocessing.py:278: UserWarning: warnEpochs <Epochs | 48 events (all good), 2 – 6 s (baseline off), ~8.1 MiB, data loaded,
 'left_hand': 12
 'right_hand': 12
 'feet': 12
 'tongue': 12>
  warn(f"warnEpochs {epochs}")
/home/mateusz/PROJEKTY/moabb/moabb/datasets/preprocessing.py:278: UserWarning: warnEpochs <Epochs | 48 events (all good), 2 – 6 s (baseline off), ~8.1 MiB, data loaded,
 'left_hand': 12
 'right_hand': 12
 'feet': 12
 'tongue': 12>
  warn(f"warnEpochs {epochs}")
/home/mateusz/PROJEKTY/moabb/moabb/datasets/preprocessing.py:278: UserWarning: warnEpochs <Epochs | 48 events (all good), 2 – 6 s (baseline off), ~8.1 MiB, data loaded,
 'left_hand': 12
 'right_hand': 12
 'feet': 12
 'tongue': 12>
  warn(f"warnEpochs {epochs}")
/home/mateusz/PROJEKTY/moabb/moabb/datasets/preprocessing.py:278: UserWarning: warnEpochs <Epochs | 48 events (all good), 2 – 6 s (baseline off), ~8.1 MiB, data loaded,
 'left_hand': 12
 'right_hand': 12
 'feet': 12
 'tongue': 12>
  warn(f"warnEpochs {epochs}")
/home/mateusz/PROJEKTY/moabb/moabb/datasets/preprocessing.py:278: UserWarning: warnEpochs <Epochs | 48 events (all good), 2 – 6 s (baseline off), ~8.1 MiB, data loaded,
 'left_hand': 12
 'right_hand': 12
 'feet': 12
 'tongue': 12>
  warn(f"warnEpochs {epochs}")
/home/mateusz/PROJEKTY/moabb/moabb/datasets/preprocessing.py:278: UserWarning: warnEpochs <Epochs | 48 events (all good), 2 – 6 s (baseline off), ~8.1 MiB, data loaded,
 'left_hand': 12
 'right_hand': 12
 'feet': 12
 'tongue': 12>
  warn(f"warnEpochs {epochs}")
/home/mateusz/PROJEKTY/moabb/moabb/datasets/preprocessing.py:278: UserWarning: warnEpochs <Epochs | 48 events (all good), 2 – 6 s (baseline off), ~8.1 MiB, data loaded,
 'left_hand': 12
 'right_hand': 12
 'feet': 12
 'tongue': 12>
  warn(f"warnEpochs {epochs}")
/home/mateusz/PROJEKTY/moabb/moabb/datasets/preprocessing.py:278: UserWarning: warnEpochs <Epochs | 48 events (all good), 2 – 6 s (baseline off), ~8.1 MiB, data loaded,
 'left_hand': 12
 'right_hand': 12
 'feet': 12
 'tongue': 12>
  warn(f"warnEpochs {epochs}")
/home/mateusz/PROJEKTY/moabb/moabb/datasets/preprocessing.py:278: UserWarning: warnEpochs <Epochs | 48 events (all good), 2 – 6 s (baseline off), ~8.1 MiB, data loaded,
 'left_hand': 12
 'right_hand': 12
 'feet': 12
 'tongue': 12>
  warn(f"warnEpochs {epochs}")
/home/mateusz/PROJEKTY/moabb/moabb/datasets/preprocessing.py:278: UserWarning: warnEpochs <Epochs | 48 events (all good), 2 – 6 s (baseline off), ~8.1 MiB, data loaded,
 'left_hand': 12
 'right_hand': 12
 'feet': 12
 'tongue': 12>
  warn(f"warnEpochs {epochs}")
/home/mateusz/PROJEKTY/moabb/moabb/datasets/preprocessing.py:278: UserWarning: warnEpochs <Epochs | 48 events (all good), 2 – 6 s (baseline off), ~8.1 MiB, data loaded,
 'left_hand': 12
 'right_hand': 12
 'feet': 12
 'tongue': 12>
  warn(f"warnEpochs {epochs}")
/home/mateusz/PROJEKTY/moabb/moabb/datasets/preprocessing.py:278: UserWarning: warnEpochs <Epochs | 48 events (all good), 2 – 6 s (baseline off), ~8.1 MiB, data loaded,
 'left_hand': 12
 'right_hand': 12
 'feet': 12
 'tongue': 12>
  warn(f"warnEpochs {epochs}")
/home/mateusz/PROJEKTY/moabb/moabb/datasets/preprocessing.py:278: UserWarning: warnEpochs <Epochs | 48 events (all good), 2 – 6 s (baseline off), ~8.1 MiB, data loaded,
 'left_hand': 12
 'right_hand': 12
 'feet': 12
 'tongue': 12>
  warn(f"warnEpochs {epochs}")
/home/mateusz/PROJEKTY/moabb/moabb/datasets/preprocessing.py:278: UserWarning: warnEpochs <Epochs | 48 events (all good), 2 – 6 s (baseline off), ~8.1 MiB, data loaded,
 'left_hand': 12
 'right_hand': 12
 'feet': 12
 'tongue': 12>
  warn(f"warnEpochs {epochs}")
/home/mateusz/PROJEKTY/moabb/moabb/datasets/preprocessing.py:278: UserWarning: warnEpochs <Epochs | 48 events (all good), 2 – 6 s (baseline off), ~8.1 MiB, data loaded,
 'left_hand': 12
 'right_hand': 12
 'feet': 12
 'tongue': 12>
  warn(f"warnEpochs {epochs}")
/home/mateusz/PROJEKTY/moabb/moabb/datasets/preprocessing.py:278: UserWarning: warnEpochs <Epochs | 48 events (all good), 2 – 6 s (baseline off), ~8.1 MiB, data loaded,
 'left_hand': 12
 'right_hand': 12
 'feet': 12
 'tongue': 12>
  warn(f"warnEpochs {epochs}")
/home/mateusz/PROJEKTY/moabb/moabb/datasets/preprocessing.py:278: UserWarning: warnEpochs <Epochs | 48 events (all good), 2 – 6 s (baseline off), ~8.1 MiB, data loaded,
 'left_hand': 12
 'right_hand': 12
 'feet': 12
 'tongue': 12>
  warn(f"warnEpochs {epochs}")
/home/mateusz/PROJEKTY/moabb/moabb/datasets/preprocessing.py:278: UserWarning: warnEpochs <Epochs | 48 events (all good), 2 – 6 s (baseline off), ~8.1 MiB, data loaded,
 'left_hand': 12
 'right_hand': 12
 'feet': 12
 'tongue': 12>
  warn(f"warnEpochs {epochs}")
/home/mateusz/PROJEKTY/moabb/moabb/datasets/preprocessing.py:278: UserWarning: warnEpochs <Epochs | 48 events (all good), 2 – 6 s (baseline off), ~8.1 MiB, data loaded,
 'left_hand': 12
 'right_hand': 12
 'feet': 12
 'tongue': 12>
  warn(f"warnEpochs {epochs}")
/home/mateusz/PROJEKTY/moabb/moabb/datasets/preprocessing.py:278: UserWarning: warnEpochs <Epochs | 48 events (all good), 2 – 6 s (baseline off), ~8.1 MiB, data loaded,
 'left_hand': 12
 'right_hand': 12
 'feet': 12
 'tongue': 12>
  warn(f"warnEpochs {epochs}")
/home/mateusz/PROJEKTY/moabb/moabb/datasets/preprocessing.py:278: UserWarning: warnEpochs <Epochs | 48 events (all good), 2 – 6 s (baseline off), ~8.1 MiB, data loaded,
 'left_hand': 12
 'right_hand': 12
 'feet': 12
 'tongue': 12>
  warn(f"warnEpochs {epochs}")
/home/mateusz/PROJEKTY/moabb/moabb/datasets/preprocessing.py:278: UserWarning: warnEpochs <Epochs | 48 events (all good), 2 – 6 s (baseline off), ~8.1 MiB, data loaded,
 'left_hand': 12
 'right_hand': 12
 'feet': 12
 'tongue': 12>
  warn(f"warnEpochs {epochs}")
/home/mateusz/PROJEKTY/moabb/moabb/datasets/preprocessing.py:278: UserWarning: warnEpochs <Epochs | 48 events (all good), 2 – 6 s (baseline off), ~8.1 MiB, data loaded,
 'left_hand': 12
 'right_hand': 12
 'feet': 12
 'tongue': 12>
  warn(f"warnEpochs {epochs}")
/home/mateusz/PROJEKTY/moabb/moabb/datasets/preprocessing.py:278: UserWarning: warnEpochs <Epochs | 48 events (all good), 2 – 6 s (baseline off), ~8.1 MiB, data loaded,
 'left_hand': 12
 'right_hand': 12
 'feet': 12
 'tongue': 12>
  warn(f"warnEpochs {epochs}")

    n_train=  44  acc=0.570 ± 0.040
    n_train=  50  acc=0.576 ± 0.029
    n_train=  56  acc=0.543 ± 0.033
    n_train=  62  acc=0.576 ± 0.051
    n_train=  68  acc=0.576 ± 0.049
    n_train=  74  acc=0.589 ± 0.025
    n_train=  80  acc=0.589 ± 0.019
    n_train=  86  acc=0.576 ± 0.013
    n_train=  92  acc=0.576 ± 0.020
    n_train=  98  acc=0.570 ± 0.027
    n_train= 104  acc=0.576 ± 0.020
    n_train= 110  acc=0.595 ± 0.043
    n_train= 116  acc=0.576 ± 0.013

============================================================
Dataset: Zhou2016
============================================================
  [Zhou2016] subject 1: trening...
    479 epok, sfreq=250.0 Hz
    n_train=  15  acc=0.524 ± 0.027
    n_train=  39  acc=0.649 ± 0.011
    n_train=  63  acc=0.653 ± 0.030
    n_train=  87  acc=0.645 ± 0.040
    n_train= 111  acc=0.664 ± 0.045
    n_train= 135  acc=0.676 ± 0.042
    n_train= 159  acc=0.714 ± 0.032
    n_train= 183  acc=0.747 ± 0.028
    n_train= 207  acc=0.762 ± 0.025
    n_train= 231  acc=0.787 ± 0.029
    n_train= 255  acc=0.781 ± 0.024
    n_train= 279  acc=0.798 ± 0.036
    n_train= 303  acc=0.808 ± 0.046
    n_train= 327  acc=0.804 ± 0.052
    n_train= 351  acc=0.804 ± 0.054
    n_train= 375  acc=0.808 ± 0.054
  [Zhou2016] subject 2: trening...
    435 epok, sfreq=250.0 Hz
    n_train=  15  acc=0.526 ± 0.067
    n_train=  37  acc=0.690 ± 0.045
    n_train=  59  acc=0.731 ± 0.052
    n_train=  81  acc=0.706 ± 0.065
    n_train= 103  acc=0.722 ± 0.057
    n_train= 125  acc=0.729 ± 0.041
    n_train= 147  acc=0.738 ± 0.047
    n_train= 169  acc=0.743 ± 0.045
    n_train= 191  acc=0.726 ± 0.049
    n_train= 213  acc=0.731 ± 0.057
    n_train= 235  acc=0.763 ± 0.045
    n_train= 257  acc=0.789 ± 0.045
    n_train= 279  acc=0.793 ± 0.046
    n_train= 301  acc=0.791 ± 0.040
    n_train= 323  acc=0.791 ± 0.041
    n_train= 345  acc=0.789 ± 0.037
  [Zhou2016] subject 3: trening...
    451 epok, sfreq=250.0 Hz
    n_train=  15  acc=0.703 ± 0.054
    n_train=  38  acc=0.776 ± 0.029
    n_train=  61  acc=0.774 ± 0.034
    n_train=  84  acc=0.803 ± 0.030
    n_train= 107  acc=0.780 ± 0.004
    n_train= 130  acc=0.789 ± 0.037
    n_train= 153  acc=0.825 ± 0.034
    n_train= 176  acc=0.845 ± 0.020
    n_train= 199  acc=0.847 ± 0.030
    n_train= 222  acc=0.858 ± 0.026
    n_train= 245  acc=0.889 ± 0.023
    n_train= 268  acc=0.885 ± 0.018
    n_train= 291  acc=0.887 ± 0.011
    n_train= 314  acc=0.878 ± 0.016
    n_train= 337  acc=0.882 ± 0.023
    n_train= 360  acc=0.898 ± 0.013
  [Zhou2016] subject 4: trening...
    435 epok, sfreq=250.0 Hz
    n_train=  15  acc=0.761 ± 0.034
    n_train=  37  acc=0.793 ± 0.050
    n_train=  59  acc=0.825 ± 0.065
    n_train=  81  acc=0.800 ± 0.035
    n_train= 103  acc=0.846 ± 0.051
    n_train= 125  acc=0.841 ± 0.052
    n_train= 147  acc=0.857 ± 0.043
    n_train= 169  acc=0.874 ± 0.042
    n_train= 191  acc=0.876 ± 0.034
    n_train= 213  acc=0.876 ± 0.034
    n_train= 235  acc=0.876 ± 0.034
    n_train= 257  acc=0.871 ± 0.034
    n_train= 279  acc=0.876 ± 0.029
    n_train= 301  acc=0.880 ± 0.031
    n_train= 323  acc=0.883 ± 0.039
    n_train= 345  acc=0.880 ± 0.042

============================================================
Dataset: BNCI2014_001
============================================================
  [BNCI2014_001] subject 1: trening...
    576 epok, sfreq=250.0 Hz
    n_train=  20  acc=0.663 ± 0.092
    n_train=  49  acc=0.715 ± 0.045
    n_train=  78  acc=0.781 ± 0.035
    n_train= 107  acc=0.806 ± 0.045
    n_train= 136  acc=0.799 ± 0.028
    n_train= 165  acc=0.806 ± 0.029
    n_train= 194  acc=0.802 ± 0.028
    n_train= 223  acc=0.811 ± 0.024
    n_train= 252  acc=0.812 ± 0.042
    n_train= 281  acc=0.807 ± 0.039
    n_train= 310  acc=0.807 ± 0.030
    n_train= 339  acc=0.821 ± 0.018
    n_train= 368  acc=0.821 ± 0.016
    n_train= 397  acc=0.823 ± 0.017
    n_train= 426  acc=0.828 ± 0.021
    n_train= 455  acc=0.832 ± 0.026
  [BNCI2014_001] subject 2: trening...
    576 epok, sfreq=250.0 Hz
    n_train=  20  acc=0.361 ± 0.064
    n_train=  49  acc=0.521 ± 0.039
    n_train=  78  acc=0.526 ± 0.051
    n_train= 107  acc=0.530 ± 0.030
    n_train= 136  acc=0.545 ± 0.043
    n_train= 165  acc=0.575 ± 0.046
    n_train= 194  acc=0.564 ± 0.021
    n_train= 223  acc=0.594 ± 0.036
    n_train= 252  acc=0.601 ± 0.045
    n_train= 281  acc=0.625 ± 0.030
    n_train= 310  acc=0.628 ± 0.039
    n_train= 339  acc=0.634 ± 0.038
    n_train= 368  acc=0.635 ± 0.049
    n_train= 397  acc=0.628 ± 0.057
    n_train= 426  acc=0.639 ± 0.072
    n_train= 455  acc=0.639 ± 0.049
  [BNCI2014_001] subject 3: trening...
    576 epok, sfreq=250.0 Hz
    n_train=  20  acc=0.533 ± 0.023
    n_train=  49  acc=0.719 ± 0.038
    n_train=  78  acc=0.734 ± 0.023
    n_train= 107  acc=0.771 ± 0.029
    n_train= 136  acc=0.767 ± 0.024
    n_train= 165  acc=0.799 ± 0.044
    n_train= 194  acc=0.821 ± 0.012
    n_train= 223  acc=0.828 ± 0.022
    n_train= 252  acc=0.830 ± 0.021
    n_train= 281  acc=0.842 ± 0.021
    n_train= 310  acc=0.854 ± 0.029
    n_train= 339  acc=0.863 ± 0.032
    n_train= 368  acc=0.873 ± 0.018
    n_train= 397  acc=0.880 ± 0.020
    n_train= 426  acc=0.882 ± 0.015
    n_train= 455  acc=0.884 ± 0.026
  [BNCI2014_001] subject 4: trening...
    576 epok, sfreq=250.0 Hz
    n_train=  20  acc=0.406 ± 0.036
    n_train=  49  acc=0.497 ± 0.025
    n_train=  78  acc=0.519 ± 0.044
    n_train= 107  acc=0.564 ± 0.050
    n_train= 136  acc=0.566 ± 0.021
    n_train= 165  acc=0.542 ± 0.024
    n_train= 194  acc=0.569 ± 0.017
    n_train= 223  acc=0.618 ± 0.024
    n_train= 252  acc=0.646 ± 0.034
    n_train= 281  acc=0.642 ± 0.037
    n_train= 310  acc=0.644 ± 0.037
    n_train= 339  acc=0.665 ± 0.036
    n_train= 368  acc=0.682 ± 0.024
    n_train= 397  acc=0.684 ± 0.031
    n_train= 426  acc=0.696 ± 0.025
    n_train= 455  acc=0.698 ± 0.016
  [BNCI2014_001] subject 5: trening...
    576 epok, sfreq=250.0 Hz
    n_train=  20  acc=0.302 ± 0.034
    n_train=  49  acc=0.306 ± 0.013
    n_train=  78  acc=0.351 ± 0.049
    n_train= 107  acc=0.392 ± 0.036
    n_train= 136  acc=0.438 ± 0.024
    n_train= 165  acc=0.429 ± 0.039
    n_train= 194  acc=0.415 ± 0.043
    n_train= 223  acc=0.424 ± 0.033
    n_train= 252  acc=0.417 ± 0.046
    n_train= 281  acc=0.457 ± 0.043
    n_train= 310  acc=0.483 ± 0.049
    n_train= 339  acc=0.484 ± 0.051
    n_train= 368  acc=0.483 ± 0.056
    n_train= 397  acc=0.498 ± 0.048
    n_train= 426  acc=0.484 ± 0.045
    n_train= 455  acc=0.488 ± 0.062
  [BNCI2014_001] subject 6: trening...
    576 epok, sfreq=250.0 Hz
    n_train=  20  acc=0.352 ± 0.030
    n_train=  49  acc=0.417 ± 0.031
    n_train=  78  acc=0.432 ± 0.029
    n_train= 107  acc=0.477 ± 0.036
    n_train= 136  acc=0.490 ± 0.020
    n_train= 165  acc=0.519 ± 0.025
    n_train= 194  acc=0.509 ± 0.033
    n_train= 223  acc=0.545 ± 0.025
    n_train= 252  acc=0.538 ± 0.035
    n_train= 281  acc=0.552 ± 0.027
    n_train= 310  acc=0.585 ± 0.033
    n_train= 339  acc=0.578 ± 0.030
    n_train= 368  acc=0.585 ± 0.016
    n_train= 397  acc=0.604 ± 0.023
    n_train= 426  acc=0.604 ± 0.043
    n_train= 455  acc=0.615 ± 0.024
  [BNCI2014_001] subject 7: trening...
    576 epok, sfreq=250.0 Hz
    n_train=  20  acc=0.552 ± 0.052
    n_train=  49  acc=0.687 ± 0.072
    n_train=  78  acc=0.703 ± 0.053
    n_train= 107  acc=0.706 ± 0.054
    n_train= 136  acc=0.736 ± 0.069
    n_train= 165  acc=0.738 ± 0.056
    n_train= 194  acc=0.759 ± 0.042
    n_train= 223  acc=0.760 ± 0.053
    n_train= 252  acc=0.821 ± 0.061
    n_train= 281  acc=0.823 ± 0.052
    n_train= 310  acc=0.833 ± 0.049
    n_train= 339  acc=0.842 ± 0.041
    n_train= 368  acc=0.856 ± 0.042
    n_train= 397  acc=0.871 ± 0.041
    n_train= 426  acc=0.873 ± 0.036
    n_train= 455  acc=0.861 ± 0.035
  [BNCI2014_001] subject 8: trening...
    576 epok, sfreq=250.0 Hz
    n_train=  20  acc=0.615 ± 0.053
    n_train=  49  acc=0.696 ± 0.044
    n_train=  78  acc=0.712 ± 0.043
    n_train= 107  acc=0.726 ± 0.050/home/mateusz/PROJEKTY/moabb/moabb/datasets/preprocessing.py:278: UserWarning: warnEpochs <Epochs | 48 events (all good), 2 – 6 s (baseline off), ~8.1 MiB, data loaded,
 'left_hand': 12
 'right_hand': 12
 'feet': 12
 'tongue': 12>
  warn(f"warnEpochs {epochs}")
/home/mateusz/PROJEKTY/moabb/moabb/datasets/preprocessing.py:278: UserWarning: warnEpochs <Epochs | 48 events (all good), 2 – 6 s (baseline off), ~8.1 MiB, data loaded,
 'left_hand': 12
 'right_hand': 12
 'feet': 12
 'tongue': 12>
  warn(f"warnEpochs {epochs}")
/home/mateusz/PROJEKTY/moabb/moabb/datasets/preprocessing.py:278: UserWarning: warnEpochs <Epochs | 48 events (all good), 2 – 6 s (baseline off), ~8.1 MiB, data loaded,
 'left_hand': 12
 'right_hand': 12
 'feet': 12
 'tongue': 12>
  warn(f"warnEpochs {epochs}")
/home/mateusz/PROJEKTY/moabb/moabb/datasets/preprocessing.py:278: UserWarning: warnEpochs <Epochs | 48 events (all good), 2 – 6 s (baseline off), ~8.1 MiB, data loaded,
 'left_hand': 12
 'right_hand': 12
 'feet': 12
 'tongue': 12>
  warn(f"warnEpochs {epochs}")
/home/mateusz/PROJEKTY/moabb/moabb/datasets/preprocessing.py:278: UserWarning: warnEpochs <Epochs | 48 events (all good), 2 – 6 s (baseline off), ~8.1 MiB, data loaded,
 'left_hand': 12
 'right_hand': 12
 'feet': 12
 'tongue': 12>
  warn(f"warnEpochs {epochs}")
/home/mateusz/PROJEKTY/moabb/moabb/datasets/preprocessing.py:278: UserWarning: warnEpochs <Epochs | 48 events (all good), 2 – 6 s (baseline off), ~8.1 MiB, data loaded,
 'left_hand': 12
 'right_hand': 12
 'feet': 12
 'tongue': 12>
  warn(f"warnEpochs {epochs}")
/home/mateusz/PROJEKTY/moabb/moabb/datasets/preprocessing.py:278: UserWarning: warnEpochs <Epochs | 48 events (all good), 2 – 6 s (baseline off), ~8.1 MiB, data loaded,
 'left_hand': 12
 'right_hand': 12
 'feet': 12
 'tongue': 12>
  warn(f"warnEpochs {epochs}")
/home/mateusz/PROJEKTY/moabb/moabb/datasets/preprocessing.py:278: UserWarning: warnEpochs <Epochs | 48 events (all good), 2 – 6 s (baseline off), ~8.1 MiB, data loaded,
 'left_hand': 12
 'right_hand': 12
 'feet': 12
 'tongue': 12>
  warn(f"warnEpochs {epochs}")
/home/mateusz/PROJEKTY/moabb/moabb/datasets/preprocessing.py:278: UserWarning: warnEpochs <Epochs | 48 events (all good), 2 – 6 s (baseline off), ~8.1 MiB, data loaded,
 'left_hand': 12
 'right_hand': 12
 'feet': 12
 'tongue': 12>
  warn(f"warnEpochs {epochs}")
/home/mateusz/PROJEKTY/moabb/moabb/datasets/preprocessing.py:278: UserWarning: warnEpochs <Epochs | 48 events (all good), 2 – 6 s (baseline off), ~8.1 MiB, data loaded,
 'left_hand': 12
 'right_hand': 12
 'feet': 12
 'tongue': 12>
  warn(f"warnEpochs {epochs}")
/home/mateusz/PROJEKTY/moabb/moabb/datasets/preprocessing.py:278: UserWarning: warnEpochs <Epochs | 48 events (all good), 2 – 6 s (baseline off), ~8.1 MiB, data loaded,
 'left_hand': 12
 'right_hand': 12
 'feet': 12
 'tongue': 12>
  warn(f"warnEpochs {epochs}")
/home/mateusz/PROJEKTY/moabb/moabb/datasets/preprocessing.py:278: UserWarning: warnEpochs <Epochs | 48 events (all good), 2 – 6 s (baseline off), ~8.1 MiB, data loaded,
 'left_hand': 12
 'right_hand': 12
 'feet': 12
 'tongue': 12>
  warn(f"warnEpochs {epochs}")

    n_train= 136  acc=0.780 ± 0.026
    n_train= 165  acc=0.790 ± 0.040
    n_train= 194  acc=0.813 ± 0.025
    n_train= 223  acc=0.809 ± 0.033
    n_train= 252  acc=0.844 ± 0.022
    n_train= 281  acc=0.856 ± 0.023
    n_train= 310  acc=0.866 ± 0.025
    n_train= 339  acc=0.877 ± 0.025
    n_train= 368  acc=0.868 ± 0.017
    n_train= 397  acc=0.872 ± 0.020
    n_train= 426  acc=0.870 ± 0.026
    n_train= 455  acc=0.880 ± 0.017
  [BNCI2014_001] subject 9: trening...
    576 epok, sfreq=250.0 Hz
    n_train=  20  acc=0.529 ± 0.047
    n_train=  49  acc=0.613 ± 0.017
    n_train=  78  acc=0.663 ± 0.047
    n_train= 107  acc=0.660 ± 0.033
    n_train= 136  acc=0.712 ± 0.034
    n_train= 165  acc=0.722 ± 0.043
    n_train= 194  acc=0.738 ± 0.036
    n_train= 223  acc=0.721 ± 0.051
    n_train= 252  acc=0.731 ± 0.038
    n_train= 281  acc=0.733 ± 0.035
    n_train= 310  acc=0.738 ± 0.040
    n_train= 339  acc=0.748 ± 0.038
    n_train= 368  acc=0.764 ± 0.041
    n_train= 397  acc=0.785 ± 0.042
    n_train= 426  acc=0.792 ± 0.038
    n_train= 455  acc=0.792 ± 0.039

Wykres zapisany: /home/mateusz/PROJEKTY/paper/img/5_liczba_probek.png
